Processing esp32s3 (platform: espressif32@6.12.0; board: esp32-s3-devkitc-1; framework: arduino)
--------------------------------------------------------------------------------
Verbose mode can be enabled via `-v, --verbose` option
CONFIGURATION: https://docs.platformio.org/page/boards/espressif32/esp32-s3-devkitc-1.html
PLATFORM: Espressif 32 (6.12.0) > Espressif ESP32-S3-DevKitC-1-N8 (8 MB QD, No PSRAM)
HARDWARE: ESP32S3 240MHz, 320KB RAM, 8MB Flash
DEBUG: Current (esp-builtin) On-board (esp-builtin) External (cmsis-dap, esp-bridge, esp-prog, iot-bus-jtag, jlink, minimodule, olimex-arm-usb-ocd, olimex-arm-usb-ocd-h, olimex-arm-usb-tiny-h, olimex-jtag-tiny, tumpa)
PACKAGES: 
 - framework-arduinoespressif32 @ 3.20017.241212+sha.dcc1105b 
 - tool-esptoolpy @ 2.40900.250804 (4.9.0) 
 - toolchain-riscv32-esp @ 8.4.0+2021r2-patch5 
 - toolchain-xtensa-esp32s3 @ 8.4.0+2021r2-patch5
LDF: Library Dependency Finder -> https://bit.ly/configure-pio-ldf
LDF Modes: Finder ~ chain, Compatibility ~ soft
Found 34 compatible libraries
Scanning dependencies...
Dependency Graph
|-- NimBLE-Arduino @ 2.3.6
|-- Preferences @ 2.0.0
|-- Wire @ 2.0.0
Building in release mode
Compiling .pio/build/esp32s3/src/main.cpp.o
Linking .pio/build/esp32s3/firmware.elf
Retrieving maximum program size .pio/build/esp32s3/firmware.elf
Checking size .pio/build/esp32s3/firmware.elf
Advanced Memory Usage is available via "PlatformIO Home > Project Inspect"
RAM:   [=         ]   9.1% (used 29812 bytes from 327680 bytes)
Flash: [==        ]  15.9% (used 530969 bytes from 3342336 bytes)
Building .pio/build/esp32s3/firmware.bin
esptool.py v4.9.0
Creating esp32s3 image...
Merged 2 ELF sections
Successfully created esp32s3 image.
========================= [SUCCESS] Took 3.61 seconds =========================

Processing esp32s3-sim (platform: espressif32@6.12.0; board: esp32-s3-devkitc-1; framework: arduino)
--------------------------------------------------------------------------------
Verbose mode can be enabled via `-v, --verbose` option
CONFIGURATION: https://docs.platformio.org/page/boards/espressif32/esp32-s3-devkitc-1.html
PLATFORM: Espressif 32 (6.12.0) > Espressif ESP32-S3-DevKitC-1-N8 (8 MB QD, No PSRAM)
HARDWARE: ESP32S3 240MHz, 320KB RAM, 8MB Flash
DEBUG: Current (esp-builtin) On-board (esp-builtin) External (cmsis-dap, esp-bridge, esp-prog, iot-bus-jtag, jlink, minimodule, olimex-arm-usb-ocd, olimex-arm-usb-ocd-h, olimex-arm-usb-tiny-h, olimex-jtag-tiny, tumpa)
PACKAGES: 
 - framework-arduinoespressif32 @ 3.20017.241212+sha.dcc1105b 
 - tool-esptoolpy @ 2.40900.250804 (4.9.0) 
 - toolchain-riscv32-esp @ 8.4.0+2021r2-patch5 
 - toolchain-xtensa-esp32s3 @ 8.4.0+2021r2-patch5
LDF: Library Dependency Finder -> https://bit.ly/configure-pio-ldf
LDF Modes: Finder ~ chain, Compatibility ~ soft
Found 34 compatible libraries
Scanning dependencies...
Dependency Graph
|-- NimBLE-Arduino @ 2.3.6
|-- Preferences @ 2.0.0
|-- Wire @ 2.0.0
Building in release mode
Compiling .pio/build/esp32s3-sim/src/main.cpp.o
Linking .pio/build/esp32s3-sim/firmware.elf
Retrieving maximum program size .pio/build/esp32s3-sim/firmware.elf
Checking size .pio/build/esp32s3-sim/firmware.elf
Advanced Memory Usage is available via "PlatformIO Home > Project Inspect"
RAM:   [=         ]   9.1% (used 29836 bytes from 327680 bytes)
Flash: [==        ]  16.7% (used 558029 bytes from 3342336 bytes)
Building .pio/build/esp32s3-sim/firmware.bin
esptool.py v4.9.0
Creating esp32s3 image...
Merged 2 ELF sections
Successfully created esp32s3 image.
========================= [SUCCESS] Took 3.66 seconds =========================

Environment    Status    Duration
-------------  --------  ------------
esp32s3        SUCCESS   00:00:03.606
esp32s3-sim    SUCCESS   00:00:03.660
========================= 2 succeeded in 00:00:07.266 =========================
