Processing esp32s3 (platform: espressif32@6.12.0; board: esp32-s3-devkitc-1; framework: arduino)
--------------------------------------------------------------------------------
Library Manager: Installing h2zero/NimBLE-Arduino @ 2.3.6
Unpacking 0% 10% 20% 30% 40% 50% 60% 70% 80% 90% 100%
Library Manager: NimBLE-Arduino@2.3.6 has been installed!
Verbose mode can be enabled via `-v, --verbose` option
CONFIGURATION: https://docs.platformio.org/page/boards/espressif32/esp32-s3-devkitc-1.html
PLATFORM: Espressif 32 (6.12.0) > Espressif ESP32-S3-DevKitC-1-N8 (8 MB QD, No PSRAM)
HARDWARE: ESP32S3 240MHz, 320KB RAM, 8MB Flash
DEBUG: Current (esp-builtin) On-board (esp-builtin) External (cmsis-dap, esp-bridge, esp-prog, iot-bus-jtag, jlink, minimodule, olimex-arm-usb-ocd, olimex-arm-usb-ocd-h, olimex-arm-usb-tiny-h, olimex-jtag-tiny, tumpa)
PACKAGES: 
 - framework-arduinoespressif32 @ 3.20017.241212+sha.dcc1105b 
 - tool-esptoolpy @ 2.40900.250804 (4.9.0) 
 - toolchain-riscv32-esp @ 8.4.0+2021r2-patch5 
 - toolchain-xtensa-esp32s3 @ 8.4.0+2021r2-patch5
LDF: Library Dependency Finder -> https://bit.ly/configure-pio-ldf
LDF Modes: Finder ~ chain, Compatibility ~ soft
Found 34 compatible libraries
Scanning dependencies...
Dependency Graph
|-- NimBLE-Arduino @ 2.3.6
|-- Preferences @ 2.0.0
|-- Wire @ 2.0.0
Building in release mode
Compiling .pio/build/esp32s3/nodx-core/calibration.o
Compiling .pio/build/esp32s3/nodx-core/gesture.o
Compiling .pio/build/esp32s3/nodx-core/handsfree.o
Compiling .pio/build/esp32s3/nodx-core/motion.o
Compiling .pio/build/esp32s3/nodx-core/output.o
Compiling .pio/build/esp32s3/nodx-core/profile.o
Compiling .pio/build/esp32s3/nodx-core/selection.o
Compiling .pio/build/esp32s3/nodx-core/sensor.o
Compiling .pio/build/esp32s3/nodx-core/system.o
Compiling .pio/build/esp32s3/src/commands.cpp.o
Compiling .pio/build/esp32s3/src/main.cpp.o
Compiling .pio/build/esp32s3/src/runtime.cpp.o
Compiling .pio/build/esp32s3/src/telemetry.cpp.o
Building .pio/build/esp32s3/bootloader.bin
Generating partitions .pio/build/esp32s3/partitions.bin
esptool.py v4.9.0
Creating esp32s3 image...
Merged 1 ELF section
Successfully created esp32s3 image.
Compiling .pio/build/esp32s3/lib00d/NimBLE-Arduino/NimBLE2904.cpp.o
Compiling .pio/build/esp32s3/lib00d/NimBLE-Arduino/NimBLEAddress.cpp.o
Compiling .pio/build/esp32s3/lib00d/NimBLE-Arduino/NimBLEAdvertisedDevice.cpp.o
Compiling .pio/build/esp32s3/lib00d/NimBLE-Arduino/NimBLEAdvertisementData.cpp.o
Compiling .pio/build/esp32s3/lib00d/NimBLE-Arduino/NimBLEAdvertising.cpp.o
Compiling .pio/build/esp32s3/lib00d/NimBLE-Arduino/NimBLEAttValue.cpp.o
Compiling .pio/build/esp32s3/lib00d/NimBLE-Arduino/NimBLEBeacon.cpp.o
Compiling .pio/build/esp32s3/lib00d/NimBLE-Arduino/NimBLECharacteristic.cpp.o
Compiling .pio/build/esp32s3/lib00d/NimBLE-Arduino/NimBLEClient.cpp.o
Compiling .pio/build/esp32s3/lib00d/NimBLE-Arduino/NimBLEDescriptor.cpp.o
Compiling .pio/build/esp32s3/lib00d/NimBLE-Arduino/NimBLEDevice.cpp.o
Compiling .pio/build/esp32s3/lib00d/NimBLE-Arduino/NimBLEEddystoneTLM.cpp.o
Compiling .pio/build/esp32s3/lib00d/NimBLE-Arduino/NimBLEExtAdvertising.cpp.o
Compiling .pio/build/esp32s3/lib00d/NimBLE-Arduino/NimBLEHIDDevice.cpp.o
Compiling .pio/build/esp32s3/lib00d/NimBLE-Arduino/NimBLEL2CAPChannel.cpp.o
Compiling .pio/build/esp32s3/lib00d/NimBLE-Arduino/NimBLEL2CAPServer.cpp.o
Compiling .pio/build/esp32s3/lib00d/NimBLE-Arduino/NimBLERemoteCharacteristic.cpp.o
Compiling .pio/build/esp32s3/lib00d/NimBLE-Arduino/NimBLERemoteDescriptor.cpp.o
Compiling .pio/build/esp32s3/lib00d/NimBLE-Arduino/NimBLERemoteService.cpp.o
Compiling .pio/build/esp32s3/lib00d/NimBLE-Arduino/NimBLERemoteValueAttribute.cpp.o
Compiling .pio/build/esp32s3/lib00d/NimBLE-Arduino/NimBLEScan.cpp.o
Compiling .pio/build/esp32s3/lib00d/NimBLE-Arduino/NimBLEServer.cpp.o
Compiling .pio/build/esp32s3/lib00d/NimBLE-Arduino/NimBLEService.cpp.o
Compiling .pio/build/esp32s3/lib00d/NimBLE-Arduino/NimBLEUUID.cpp.o
Compiling .pio/build/esp32s3/lib00d/NimBLE-Arduino/NimBLEUtils.cpp.o
Compiling .pio/build/esp32s3/lib00d/NimBLE-Arduino/nimble/esp_port/esp-hci/src/esp_nimble_hci.c.o
Compiling .pio/build/esp32s3/lib00d/NimBLE-Arduino/nimble/esp_port/esp-hci/src/na_hci_driver.c.o
Compiling .pio/build/esp32s3/lib00d/NimBLE-Arduino/nimble/esp_port/esp-hci/src/na_hci_transport.c.o
Compiling .pio/build/esp32s3/lib00d/NimBLE-Arduino/nimble/esp_port/port/src/exp_nimble_mem.c.o
Compiling .pio/build/esp32s3/lib00d/NimBLE-Arduino/nimble/ext/tinycrypt/src/aes_decrypt.c.o
Compiling .pio/build/esp32s3/lib00d/NimBLE-Arduino/nimble/ext/tinycrypt/src/aes_encrypt.c.o
Compiling .pio/build/esp32s3/lib00d/NimBLE-Arduino/nimble/ext/tinycrypt/src/cbc_mode.c.o
Compiling .pio/build/esp32s3/lib00d/NimBLE-Arduino/nimble/ext/tinycrypt/src/ccm_mode.c.o
Compiling .pio/build/esp32s3/lib00d/NimBLE-Arduino/nimble/ext/tinycrypt/src/cmac_mode.c.o
Compiling .pio/build/esp32s3/lib00d/NimBLE-Arduino/nimble/ext/tinycrypt/src/ctr_mode.c.o
Compiling .pio/build/esp32s3/lib00d/NimBLE-Arduino/nimble/ext/tinycrypt/src/ctr_prng.c.o
Compiling .pio/build/esp32s3/lib00d/NimBLE-Arduino/nimble/ext/tinycrypt/src/ecc.c.o
Compiling .pio/build/esp32s3/lib00d/NimBLE-Arduino/nimble/ext/tinycrypt/src/ecc_dh.c.o
Compiling .pio/build/esp32s3/lib00d/NimBLE-Arduino/nimble/ext/tinycrypt/src/ecc_dsa.c.o
Compiling .pio/build/esp32s3/lib00d/NimBLE-Arduino/nimble/ext/tinycrypt/src/ecc_platform_specific.c.o
Compiling .pio/build/esp32s3/lib00d/NimBLE-Arduino/nimble/ext/tinycrypt/src/hmac.c.o
Compiling .pio/build/esp32s3/lib00d/NimBLE-Arduino/nimble/ext/tinycrypt/src/hmac_prng.c.o
Compiling .pio/build/esp32s3/lib00d/NimBLE-Arduino/nimble/ext/tinycrypt/src/sha256.c.o
Compiling .pio/build/esp32s3/lib00d/NimBLE-Arduino/nimble/ext/tinycrypt/src/utils.c.o
Compiling .pio/build/esp32s3/lib00d/NimBLE-Arduino/nimble/nimble/controller/src/ble_ll.c.o
Compiling .pio/build/esp32s3/lib00d/NimBLE-Arduino/nimble/nimble/controller/src/ble_ll_adv.c.o
Compiling .pio/build/esp32s3/lib00d/NimBLE-Arduino/nimble/nimble/controller/src/ble_ll_conn.c.o
Compiling .pio/build/esp32s3/lib00d/NimBLE-Arduino/nimble/nimble/controller/src/ble_ll_conn_hci.c.o
Compiling .pio/build/esp32s3/lib00d/NimBLE-Arduino/nimble/nimble/controller/src/ble_ll_crypto.c.o
Compiling .pio/build/esp32s3/lib00d/NimBLE-Arduino/nimble/nimble/controller/src/ble_ll_ctrl.c.o
Compiling .pio/build/esp32s3/lib00d/NimBLE-Arduino/nimble/nimble/controller/src/ble_ll_dtm.c.o
Compiling .pio/build/esp32s3/lib00d/NimBLE-Arduino/nimble/nimble/controller/src/ble_ll_hci.c.o
Compiling .pio/build/esp32s3/lib00d/NimBLE-Arduino/nimble/nimble/controller/src/ble_ll_hci_ev.c.o
Compiling .pio/build/esp32s3/lib00d/NimBLE-Arduino/nimble/nimble/controller/src/ble_ll_hci_supp_cmd.c.o
Compiling .pio/build/esp32s3/lib00d/NimBLE-Arduino/nimble/nimble/controller/src/ble_ll_hci_vs.c.o
Compiling .pio/build/esp32s3/lib00d/NimBLE-Arduino/nimble/nimble/controller/src/ble_ll_iso.c.o
Compiling .pio/build/esp32s3/lib00d/NimBLE-Arduino/nimble/nimble/controller/src/ble_ll_iso_big.c.o
Compiling .pio/build/esp32s3/lib00d/NimBLE-Arduino/nimble/nimble/controller/src/ble_ll_isoal.c.o
Compiling .pio/build/esp32s3/lib00d/NimBLE-Arduino/nimble/nimble/controller/src/ble_ll_pdu.c.o
Compiling .pio/build/esp32s3/lib00d/NimBLE-Arduino/nimble/nimble/controller/src/ble_ll_rand.c.o
Compiling .pio/build/esp32s3/lib00d/NimBLE-Arduino/nimble/nimble/controller/src/ble_ll_resolv.c.o
Compiling .pio/build/esp32s3/lib00d/NimBLE-Arduino/nimble/nimble/controller/src/ble_ll_rfmgmt.c.o
Compiling .pio/build/esp32s3/lib00d/NimBLE-Arduino/nimble/nimble/controller/src/ble_ll_scan.c.o
Compiling .pio/build/esp32s3/lib00d/NimBLE-Arduino/nimble/nimble/controller/src/ble_ll_scan_aux.c.o
Compiling .pio/build/esp32s3/lib00d/NimBLE-Arduino/nimble/nimble/controller/src/ble_ll_sched.c.o
Compiling .pio/build/esp32s3/lib00d/NimBLE-Arduino/nimble/nimble/controller/src/ble_ll_sync.c.o
Compiling .pio/build/esp32s3/lib00d/NimBLE-Arduino/nimble/nimble/controller/src/ble_ll_trace.c.o
Compiling .pio/build/esp32s3/lib00d/NimBLE-Arduino/nimble/nimble/controller/src/ble_ll_utils.c.o
Compiling .pio/build/esp32s3/lib00d/NimBLE-Arduino/nimble/nimble/controller/src/ble_ll_whitelist.c.o
Compiling .pio/build/esp32s3/lib00d/NimBLE-Arduino/nimble/nimble/drivers/nrf51/src/ble_hw.c.o
Compiling .pio/build/esp32s3/lib00d/NimBLE-Arduino/nimble/nimble/drivers/nrf51/src/ble_phy.c.o
Compiling .pio/build/esp32s3/lib00d/NimBLE-Arduino/nimble/nimble/drivers/nrf5x/src/ble_hw.c.o
Compiling .pio/build/esp32s3/lib00d/NimBLE-Arduino/nimble/nimble/drivers/nrf5x/src/ble_phy.c.o
Compiling .pio/build/esp32s3/lib00d/NimBLE-Arduino/nimble/nimble/drivers/nrf5x/src/ble_phy_trace.c.o
Compiling .pio/build/esp32s3/lib00d/NimBLE-Arduino/nimble/nimble/drivers/nrf5x/src/nrf52/phy.c.o
Compiling .pio/build/esp32s3/lib00d/NimBLE-Arduino/nimble/nimble/drivers/nrf5x/src/nrf53/phy.c.o
Compiling .pio/build/esp32s3/lib00d/NimBLE-Arduino/nimble/nimble/host/mesh/src/access.c.o
Compiling .pio/build/esp32s3/lib00d/NimBLE-Arduino/nimble/nimble/host/mesh/src/adv.c.o
Compiling .pio/build/esp32s3/lib00d/NimBLE-Arduino/nimble/nimble/host/mesh/src/adv_ext.c.o
Compiling .pio/build/esp32s3/lib00d/NimBLE-Arduino/nimble/nimble/host/mesh/src/adv_legacy.c.o
Compiling .pio/build/esp32s3/lib00d/NimBLE-Arduino/nimble/nimble/host/mesh/src/aes-ccm.c.o
Compiling .pio/build/esp32s3/lib00d/NimBLE-Arduino/nimble/nimble/host/mesh/src/app_keys.c.o
Compiling .pio/build/esp32s3/lib00d/NimBLE-Arduino/nimble/nimble/host/mesh/src/beacon.c.o
Compiling .pio/build/esp32s3/lib00d/NimBLE-Arduino/nimble/nimble/host/mesh/src/cdb.c.o
Compiling .pio/build/esp32s3/lib00d/NimBLE-Arduino/nimble/nimble/host/mesh/src/cfg.c.o
Compiling .pio/build/esp32s3/lib00d/NimBLE-Arduino/nimble/nimble/host/mesh/src/cfg_cli.c.o
Compiling .pio/build/esp32s3/lib00d/NimBLE-Arduino/nimble/nimble/host/mesh/src/cfg_srv.c.o
Compiling .pio/build/esp32s3/lib00d/NimBLE-Arduino/nimble/nimble/host/mesh/src/crypto.c.o
Compiling .pio/build/esp32s3/lib00d/NimBLE-Arduino/nimble/nimble/host/mesh/src/friend.c.o
Compiling .pio/build/esp32s3/lib00d/NimBLE-Arduino/nimble/nimble/host/mesh/src/glue.c.o
Compiling .pio/build/esp32s3/lib00d/NimBLE-Arduino/nimble/nimble/host/mesh/src/health_cli.c.o
Compiling .pio/build/esp32s3/lib00d/NimBLE-Arduino/nimble/nimble/host/mesh/src/health_srv.c.o
Compiling .pio/build/esp32s3/lib00d/NimBLE-Arduino/nimble/nimble/host/mesh/src/heartbeat.c.o
Compiling .pio/build/esp32s3/lib00d/NimBLE-Arduino/nimble/nimble/host/mesh/src/light_model.c.o
Compiling .pio/build/esp32s3/lib00d/NimBLE-Arduino/nimble/nimble/host/mesh/src/lpn.c.o
Compiling .pio/build/esp32s3/lib00d/NimBLE-Arduino/nimble/nimble/host/mesh/src/mesh.c.o
Compiling .pio/build/esp32s3/lib00d/NimBLE-Arduino/nimble/nimble/host/mesh/src/model_cli.c.o
Compiling .pio/build/esp32s3/lib00d/NimBLE-Arduino/nimble/nimble/host/mesh/src/model_srv.c.o
Compiling .pio/build/esp32s3/lib00d/NimBLE-Arduino/nimble/nimble/host/mesh/src/msg.c.o
Compiling .pio/build/esp32s3/lib00d/NimBLE-Arduino/nimble/nimble/host/mesh/src/net.c.o
Compiling .pio/build/esp32s3/lib00d/NimBLE-Arduino/nimble/nimble/host/mesh/src/pb_adv.c.o
Compiling .pio/build/esp32s3/lib00d/NimBLE-Arduino/nimble/nimble/host/mesh/src/pb_gatt.c.o
Compiling .pio/build/esp32s3/lib00d/NimBLE-Arduino/nimble/nimble/host/mesh/src/pb_gatt_srv.c.o
Compiling .pio/build/esp32s3/lib00d/NimBLE-Arduino/nimble/nimble/host/mesh/src/prov.c.o
Compiling .pio/build/esp32s3/lib00d/NimBLE-Arduino/nimble/nimble/host/mesh/src/prov_device.c.o
Compiling .pio/build/esp32s3/lib00d/NimBLE-Arduino/nimble/nimble/host/mesh/src/provisioner.c.o
Compiling .pio/build/esp32s3/lib00d/NimBLE-Arduino/nimble/nimble/host/mesh/src/proxy.c.o
Compiling .pio/build/esp32s3/lib00d/NimBLE-Arduino/nimble/nimble/host/mesh/src/proxy_msg.c.o
Compiling .pio/build/esp32s3/lib00d/NimBLE-Arduino/nimble/nimble/host/mesh/src/proxy_srv.c.o
Compiling .pio/build/esp32s3/lib00d/NimBLE-Arduino/nimble/nimble/host/mesh/src/rpl.c.o
Compiling .pio/build/esp32s3/lib00d/NimBLE-Arduino/nimble/nimble/host/mesh/src/settings.c.o
Compiling .pio/build/esp32s3/lib00d/NimBLE-Arduino/nimble/nimble/host/mesh/src/shell.c.o
Compiling .pio/build/esp32s3/lib00d/NimBLE-Arduino/nimble/nimble/host/mesh/src/subnet.c.o
Compiling .pio/build/esp32s3/lib00d/NimBLE-Arduino/nimble/nimble/host/mesh/src/testing.c.o
Compiling .pio/build/esp32s3/lib00d/NimBLE-Arduino/nimble/nimble/host/mesh/src/transport.c.o
Compiling .pio/build/esp32s3/lib00d/NimBLE-Arduino/nimble/nimble/host/services/gap/src/ble_svc_gap.c.o
Compiling .pio/build/esp32s3/lib00d/NimBLE-Arduino/nimble/nimble/host/services/gatt/src/ble_svc_gatt.c.o
Compiling .pio/build/esp32s3/lib00d/NimBLE-Arduino/nimble/nimble/host/src/ble_aes_ccm.c.o
Compiling .pio/build/esp32s3/lib00d/NimBLE-Arduino/nimble/nimble/host/src/ble_att.c.o
Compiling .pio/build/esp32s3/lib00d/NimBLE-Arduino/nimble/nimble/host/src/ble_att_clt.c.o
Compiling .pio/build/esp32s3/lib00d/NimBLE-Arduino/nimble/nimble/host/src/ble_att_cmd.c.o
Compiling .pio/build/esp32s3/lib00d/NimBLE-Arduino/nimble/nimble/host/src/ble_att_svr.c.o
Compiling .pio/build/esp32s3/lib00d/NimBLE-Arduino/nimble/nimble/host/src/ble_dtm.c.o
Compiling .pio/build/esp32s3/lib00d/NimBLE-Arduino/nimble/nimble/host/src/ble_ead.c.o
Compiling .pio/build/esp32s3/lib00d/NimBLE-Arduino/nimble/nimble/host/src/ble_eatt.c.o
Compiling .pio/build/esp32s3/lib00d/NimBLE-Arduino/nimble/nimble/host/src/ble_eddystone.c.o
Compiling .pio/build/esp32s3/lib00d/NimBLE-Arduino/nimble/nimble/host/src/ble_gap.c.o
Compiling .pio/build/esp32s3/lib00d/NimBLE-Arduino/nimble/nimble/host/src/ble_gattc.c.o
Compiling .pio/build/esp32s3/lib00d/NimBLE-Arduino/nimble/nimble/host/src/ble_gattc_cache.c.o
Compiling .pio/build/esp32s3/lib00d/NimBLE-Arduino/nimble/nimble/host/src/ble_gattc_cache_conn.c.o
Compiling .pio/build/esp32s3/lib00d/NimBLE-Arduino/nimble/nimble/host/src/ble_gatts.c.o
Compiling .pio/build/esp32s3/lib00d/NimBLE-Arduino/nimble/nimble/host/src/ble_gatts_lcl.c.o
Compiling .pio/build/esp32s3/lib00d/NimBLE-Arduino/nimble/nimble/host/src/ble_hs.c.o
Compiling .pio/build/esp32s3/lib00d/NimBLE-Arduino/nimble/nimble/host/src/ble_hs_adv.c.o
Compiling .pio/build/esp32s3/lib00d/NimBLE-Arduino/nimble/nimble/host/src/ble_hs_atomic.c.o
Compiling .pio/build/esp32s3/lib00d/NimBLE-Arduino/nimble/nimble/host/src/ble_hs_cfg.c.o
Compiling .pio/build/esp32s3/lib00d/NimBLE-Arduino/nimble/nimble/host/src/ble_hs_conn.c.o
Compiling .pio/build/esp32s3/lib00d/NimBLE-Arduino/nimble/nimble/host/src/ble_hs_flow.c.o
Compiling .pio/build/esp32s3/lib00d/NimBLE-Arduino/nimble/nimble/host/src/ble_hs_hci.c.o
Compiling .pio/build/esp32s3/lib00d/NimBLE-Arduino/nimble/nimble/host/src/ble_hs_hci_cmd.c.o
Compiling .pio/build/esp32s3/lib00d/NimBLE-Arduino/nimble/nimble/host/src/ble_hs_hci_evt.c.o
Compiling .pio/build/esp32s3/lib00d/NimBLE-Arduino/nimble/nimble/host/src/ble_hs_hci_util.c.o
Compiling .pio/build/esp32s3/lib00d/NimBLE-Arduino/nimble/nimble/host/src/ble_hs_id.c.o
Compiling .pio/build/esp32s3/lib00d/NimBLE-Arduino/nimble/nimble/host/src/ble_hs_log.c.o
Compiling .pio/build/esp32s3/lib00d/NimBLE-Arduino/nimble/nimble/host/src/ble_hs_mbuf.c.o
Compiling .pio/build/esp32s3/lib00d/NimBLE-Arduino/nimble/nimble/host/src/ble_hs_misc.c.o
Compiling .pio/build/esp32s3/lib00d/NimBLE-Arduino/nimble/nimble/host/src/ble_hs_mqueue.c.o
Compiling .pio/build/esp32s3/lib00d/NimBLE-Arduino/nimble/nimble/host/src/ble_hs_periodic_sync.c.o
Compiling .pio/build/esp32s3/lib00d/NimBLE-Arduino/nimble/nimble/host/src/ble_hs_pvcy.c.o
Compiling .pio/build/esp32s3/lib00d/NimBLE-Arduino/nimble/nimble/host/src/ble_hs_resolv.c.o
Compiling .pio/build/esp32s3/lib00d/NimBLE-Arduino/nimble/nimble/host/src/ble_hs_shutdown.c.o
Compiling .pio/build/esp32s3/lib00d/NimBLE-Arduino/nimble/nimble/host/src/ble_hs_startup.c.o
Compiling .pio/build/esp32s3/lib00d/NimBLE-Arduino/nimble/nimble/host/src/ble_hs_stop.c.o
Compiling .pio/build/esp32s3/lib00d/NimBLE-Arduino/nimble/nimble/host/src/ble_ibeacon.c.o
Compiling .pio/build/esp32s3/lib00d/NimBLE-Arduino/nimble/nimble/host/src/ble_l2cap.c.o
Compiling .pio/build/esp32s3/lib00d/NimBLE-Arduino/nimble/nimble/host/src/ble_l2cap_coc.c.o
Compiling .pio/build/esp32s3/lib00d/NimBLE-Arduino/nimble/nimble/host/src/ble_l2cap_sig.c.o
Compiling .pio/build/esp32s3/lib00d/NimBLE-Arduino/nimble/nimble/host/src/ble_l2cap_sig_cmd.c.o
Compiling .pio/build/esp32s3/lib00d/NimBLE-Arduino/nimble/nimble/host/src/ble_sm.c.o
Compiling .pio/build/esp32s3/lib00d/NimBLE-Arduino/nimble/nimble/host/src/ble_sm_alg.c.o
Compiling .pio/build/esp32s3/lib00d/NimBLE-Arduino/nimble/nimble/host/src/ble_sm_cmd.c.o
Compiling .pio/build/esp32s3/lib00d/NimBLE-Arduino/nimble/nimble/host/src/ble_sm_lgcy.c.o
Compiling .pio/build/esp32s3/lib00d/NimBLE-Arduino/nimble/nimble/host/src/ble_sm_sc.c.o
Compiling .pio/build/esp32s3/lib00d/NimBLE-Arduino/nimble/nimble/host/src/ble_store.c.o
Compiling .pio/build/esp32s3/lib00d/NimBLE-Arduino/nimble/nimble/host/src/ble_store_util.c.o
Compiling .pio/build/esp32s3/lib00d/NimBLE-Arduino/nimble/nimble/host/src/ble_uuid.c.o
Compiling .pio/build/esp32s3/lib00d/NimBLE-Arduino/nimble/nimble/host/store/config/src/ble_store_config.c.o
Compiling .pio/build/esp32s3/lib00d/NimBLE-Arduino/nimble/nimble/host/store/config/src/ble_store_config_conf.c.o
Compiling .pio/build/esp32s3/lib00d/NimBLE-Arduino/nimble/nimble/host/store/config/src/ble_store_nvs.c.o
Compiling .pio/build/esp32s3/lib00d/NimBLE-Arduino/nimble/nimble/host/store/ram/src/ble_store_ram.c.o
Compiling .pio/build/esp32s3/lib00d/NimBLE-Arduino/nimble/nimble/host/util/src/addr.c.o
Compiling .pio/build/esp32s3/lib00d/NimBLE-Arduino/nimble/nimble/transport/common/hci_h4/src/hci_h4.c.o
Compiling .pio/build/esp32s3/lib00d/NimBLE-Arduino/nimble/nimble/transport/common/hci_ipc/src/hci_ipc.c.o
Compiling .pio/build/esp32s3/lib00d/NimBLE-Arduino/nimble/nimble/transport/esp_ipc/src/hci_esp_ipc.c.o
Compiling .pio/build/esp32s3/lib00d/NimBLE-Arduino/nimble/nimble/transport/esp_ipc_legacy/src/hci_esp_ipc_legacy.c.o
Compiling .pio/build/esp32s3/lib00d/NimBLE-Arduino/nimble/nimble/transport/nrf5340/src/nrf5340_ble_hci.c.o
Compiling .pio/build/esp32s3/lib00d/NimBLE-Arduino/nimble/nimble/transport/src/transport.c.o
Compiling .pio/build/esp32s3/lib00d/NimBLE-Arduino/nimble/porting/nimble/src/endian.c.o
Compiling .pio/build/esp32s3/lib00d/NimBLE-Arduino/nimble/porting/nimble/src/hal_timer.c.o
Compiling .pio/build/esp32s3/lib00d/NimBLE-Arduino/nimble/porting/nimble/src/mem.c.o
Compiling .pio/build/esp32s3/lib00d/NimBLE-Arduino/nimble/porting/nimble/src/nimble_port.c.o
Compiling .pio/build/esp32s3/lib00d/NimBLE-Arduino/nimble/porting/nimble/src/os_cputime.c.o
Compiling .pio/build/esp32s3/lib00d/NimBLE-Arduino/nimble/porting/nimble/src/os_cputime_pwr2.c.o
Compiling .pio/build/esp32s3/lib00d/NimBLE-Arduino/nimble/porting/nimble/src/os_mbuf.c.o
Compiling .pio/build/esp32s3/lib00d/NimBLE-Arduino/nimble/porting/nimble/src/os_mempool.c.o
Compiling .pio/build/esp32s3/lib00d/NimBLE-Arduino/nimble/porting/nimble/src/os_msys_init.c.o
Compiling .pio/build/esp32s3/lib00d/NimBLE-Arduino/nimble/porting/npl/freertos/src/nimble_port_freertos.c.o
Compiling .pio/build/esp32s3/lib00d/NimBLE-Arduino/nimble/porting/npl/freertos/src/npl_os_freertos.c.o
Compiling .pio/build/esp32s3/lib76a/Preferences/Preferences.cpp.o
Compiling .pio/build/esp32s3/lib351/Wire/Wire.cpp.o
Compiling .pio/build/esp32s3/FrameworkArduino/Esp.cpp.o
Archiving .pio/build/esp32s3/lib00d/libNimBLE-Arduino.a
Compiling .pio/build/esp32s3/FrameworkArduino/FirmwareMSC.cpp.o
Compiling .pio/build/esp32s3/FrameworkArduino/FunctionalInterrupt.cpp.o
Compiling .pio/build/esp32s3/FrameworkArduino/HWCDC.cpp.o
Compiling .pio/build/esp32s3/FrameworkArduino/HardwareSerial.cpp.o
Indexing .pio/build/esp32s3/lib00d/libNimBLE-Arduino.a
Compiling .pio/build/esp32s3/FrameworkArduino/IPAddress.cpp.o
Compiling .pio/build/esp32s3/FrameworkArduino/IPv6Address.cpp.o
Archiving .pio/build/esp32s3/lib76a/libPreferences.a
Indexing .pio/build/esp32s3/lib76a/libPreferences.a
Compiling .pio/build/esp32s3/FrameworkArduino/MD5Builder.cpp.o
Compiling .pio/build/esp32s3/FrameworkArduino/Print.cpp.o
Archiving .pio/build/esp32s3/lib351/libWire.a
Indexing .pio/build/esp32s3/lib351/libWire.a
Compiling .pio/build/esp32s3/FrameworkArduino/Stream.cpp.o
Compiling .pio/build/esp32s3/FrameworkArduino/StreamString.cpp.o
Compiling .pio/build/esp32s3/FrameworkArduino/Tone.cpp.o
Compiling .pio/build/esp32s3/FrameworkArduino/USB.cpp.o
Compiling .pio/build/esp32s3/FrameworkArduino/USBCDC.cpp.o
Compiling .pio/build/esp32s3/FrameworkArduino/USBMSC.cpp.o
Compiling .pio/build/esp32s3/FrameworkArduino/WMath.cpp.o
Compiling .pio/build/esp32s3/FrameworkArduino/WString.cpp.o
Compiling .pio/build/esp32s3/FrameworkArduino/base64.cpp.o
Compiling .pio/build/esp32s3/FrameworkArduino/cbuf.cpp.o
Compiling .pio/build/esp32s3/FrameworkArduino/esp32-hal-adc.c.o
Compiling .pio/build/esp32s3/FrameworkArduino/esp32-hal-bt.c.o
Compiling .pio/build/esp32s3/FrameworkArduino/esp32-hal-cpu.c.o
Compiling .pio/build/esp32s3/FrameworkArduino/esp32-hal-dac.c.o
Compiling .pio/build/esp32s3/FrameworkArduino/esp32-hal-gpio.c.o
Compiling .pio/build/esp32s3/FrameworkArduino/esp32-hal-i2c-slave.c.o
Compiling .pio/build/esp32s3/FrameworkArduino/esp32-hal-i2c.c.o
Compiling .pio/build/esp32s3/FrameworkArduino/esp32-hal-ledc.c.o
Compiling .pio/build/esp32s3/FrameworkArduino/esp32-hal-matrix.c.o
Compiling .pio/build/esp32s3/FrameworkArduino/esp32-hal-misc.c.o
Compiling .pio/build/esp32s3/FrameworkArduino/esp32-hal-psram.c.o
Compiling .pio/build/esp32s3/FrameworkArduino/esp32-hal-rgb-led.c.o
Compiling .pio/build/esp32s3/FrameworkArduino/esp32-hal-rmt.c.o
Compiling .pio/build/esp32s3/FrameworkArduino/esp32-hal-sigmadelta.c.o
Compiling .pio/build/esp32s3/FrameworkArduino/esp32-hal-spi.c.o
Compiling .pio/build/esp32s3/FrameworkArduino/esp32-hal-time.c.o
Compiling .pio/build/esp32s3/FrameworkArduino/esp32-hal-timer.c.o
Compiling .pio/build/esp32s3/FrameworkArduino/esp32-hal-tinyusb.c.o
Compiling .pio/build/esp32s3/FrameworkArduino/esp32-hal-touch.c.o
Compiling .pio/build/esp32s3/FrameworkArduino/esp32-hal-uart.c.o
Compiling .pio/build/esp32s3/FrameworkArduino/firmware_msc_fat.c.o
Compiling .pio/build/esp32s3/FrameworkArduino/libb64/cdecode.c.o
Compiling .pio/build/esp32s3/FrameworkArduino/libb64/cencode.c.o
Compiling .pio/build/esp32s3/FrameworkArduino/main.cpp.o
Compiling .pio/build/esp32s3/FrameworkArduino/stdlib_noniso.c.o
Compiling .pio/build/esp32s3/FrameworkArduino/wiring_pulse.c.o
Compiling .pio/build/esp32s3/FrameworkArduino/wiring_shift.c.o
Archiving .pio/build/esp32s3/libFrameworkArduino.a
Indexing .pio/build/esp32s3/libFrameworkArduino.a
Linking .pio/build/esp32s3/firmware.elf
Retrieving maximum program size .pio/build/esp32s3/firmware.elf
Checking size .pio/build/esp32s3/firmware.elf
Advanced Memory Usage is available via "PlatformIO Home > Project Inspect"
RAM:   [=         ]  13.3% (used 43616 bytes from 327680 bytes)
Flash: [==        ]  23.2% (used 775465 bytes from 3342336 bytes)
Building .pio/build/esp32s3/firmware.bin
esptool.py v4.9.0
Creating esp32s3 image...
Merged 2 ELF sections
Successfully created esp32s3 image.
========================= [SUCCESS] Took 16.07 seconds =========================

Processing esp32s3-n16r8-bench (platform: espressif32@6.12.0; board: esp32-s3-devkitc-1; framework: arduino)
--------------------------------------------------------------------------------
Library Manager: Installing h2zero/NimBLE-Arduino @ 2.3.6
Unpacking 0% 10% 20% 30% 40% 50% 60% 70% 80% 90% 100%
Library Manager: NimBLE-Arduino@2.3.6 has been installed!
Verbose mode can be enabled via `-v, --verbose` option
CONFIGURATION: https://docs.platformio.org/page/boards/espressif32/esp32-s3-devkitc-1.html
PLATFORM: Espressif 32 (6.12.0) > Espressif ESP32-S3-DevKitC-1-N8 (8 MB QD, No PSRAM)
HARDWARE: ESP32S3 240MHz, 320KB RAM, 8MB Flash
DEBUG: Current (esp-builtin) On-board (esp-builtin) External (cmsis-dap, esp-bridge, esp-prog, iot-bus-jtag, jlink, minimodule, olimex-arm-usb-ocd, olimex-arm-usb-ocd-h, olimex-arm-usb-tiny-h, olimex-jtag-tiny, tumpa)
PACKAGES: 
 - framework-arduinoespressif32 @ 3.20017.241212+sha.dcc1105b 
 - tool-esptoolpy @ 2.40900.250804 (4.9.0) 
 - toolchain-riscv32-esp @ 8.4.0+2021r2-patch5 
 - toolchain-xtensa-esp32s3 @ 8.4.0+2021r2-patch5
LDF: Library Dependency Finder -> https://bit.ly/configure-pio-ldf
LDF Modes: Finder ~ chain, Compatibility ~ soft
Found 34 compatible libraries
Scanning dependencies...
Dependency Graph
|-- NimBLE-Arduino @ 2.3.6
|-- Preferences @ 2.0.0
|-- Wire @ 2.0.0
Building in release mode
Compiling .pio/build/esp32s3-n16r8-bench/nodx-core/calibration.o
Compiling .pio/build/esp32s3-n16r8-bench/nodx-core/gesture.o
Compiling .pio/build/esp32s3-n16r8-bench/nodx-core/handsfree.o
Compiling .pio/build/esp32s3-n16r8-bench/nodx-core/motion.o
Compiling .pio/build/esp32s3-n16r8-bench/nodx-core/output.o
Compiling .pio/build/esp32s3-n16r8-bench/nodx-core/profile.o
Compiling .pio/build/esp32s3-n16r8-bench/nodx-core/selection.o
Compiling .pio/build/esp32s3-n16r8-bench/nodx-core/sensor.o
Compiling .pio/build/esp32s3-n16r8-bench/nodx-core/system.o
Compiling .pio/build/esp32s3-n16r8-bench/src/commands.cpp.o
Compiling .pio/build/esp32s3-n16r8-bench/src/main.cpp.o
Compiling .pio/build/esp32s3-n16r8-bench/src/runtime.cpp.o
Compiling .pio/build/esp32s3-n16r8-bench/src/telemetry.cpp.o
Building .pio/build/esp32s3-n16r8-bench/bootloader.bin
Generating partitions .pio/build/esp32s3-n16r8-bench/partitions.bin
esptool.py v4.9.0
Creating esp32s3 image...
Merged 1 ELF section
Successfully created esp32s3 image.
Compiling .pio/build/esp32s3-n16r8-bench/lib1a6/NimBLE-Arduino/NimBLE2904.cpp.o
Compiling .pio/build/esp32s3-n16r8-bench/lib1a6/NimBLE-Arduino/NimBLEAddress.cpp.o
Compiling .pio/build/esp32s3-n16r8-bench/lib1a6/NimBLE-Arduino/NimBLEAdvertisedDevice.cpp.o
Compiling .pio/build/esp32s3-n16r8-bench/lib1a6/NimBLE-Arduino/NimBLEAdvertisementData.cpp.o
Compiling .pio/build/esp32s3-n16r8-bench/lib1a6/NimBLE-Arduino/NimBLEAdvertising.cpp.o
Compiling .pio/build/esp32s3-n16r8-bench/lib1a6/NimBLE-Arduino/NimBLEAttValue.cpp.o
Compiling .pio/build/esp32s3-n16r8-bench/lib1a6/NimBLE-Arduino/NimBLEBeacon.cpp.o
Compiling .pio/build/esp32s3-n16r8-bench/lib1a6/NimBLE-Arduino/NimBLECharacteristic.cpp.o
Compiling .pio/build/esp32s3-n16r8-bench/lib1a6/NimBLE-Arduino/NimBLEClient.cpp.o
Compiling .pio/build/esp32s3-n16r8-bench/lib1a6/NimBLE-Arduino/NimBLEDescriptor.cpp.o
Compiling .pio/build/esp32s3-n16r8-bench/lib1a6/NimBLE-Arduino/NimBLEDevice.cpp.o
Compiling .pio/build/esp32s3-n16r8-bench/lib1a6/NimBLE-Arduino/NimBLEEddystoneTLM.cpp.o
Compiling .pio/build/esp32s3-n16r8-bench/lib1a6/NimBLE-Arduino/NimBLEExtAdvertising.cpp.o
Compiling .pio/build/esp32s3-n16r8-bench/lib1a6/NimBLE-Arduino/NimBLEHIDDevice.cpp.o
Compiling .pio/build/esp32s3-n16r8-bench/lib1a6/NimBLE-Arduino/NimBLEL2CAPChannel.cpp.o
Compiling .pio/build/esp32s3-n16r8-bench/lib1a6/NimBLE-Arduino/NimBLEL2CAPServer.cpp.o
Compiling .pio/build/esp32s3-n16r8-bench/lib1a6/NimBLE-Arduino/NimBLERemoteCharacteristic.cpp.o
Compiling .pio/build/esp32s3-n16r8-bench/lib1a6/NimBLE-Arduino/NimBLERemoteDescriptor.cpp.o
Compiling .pio/build/esp32s3-n16r8-bench/lib1a6/NimBLE-Arduino/NimBLERemoteService.cpp.o
Compiling .pio/build/esp32s3-n16r8-bench/lib1a6/NimBLE-Arduino/NimBLERemoteValueAttribute.cpp.o
Compiling .pio/build/esp32s3-n16r8-bench/lib1a6/NimBLE-Arduino/NimBLEScan.cpp.o
Compiling .pio/build/esp32s3-n16r8-bench/lib1a6/NimBLE-Arduino/NimBLEServer.cpp.o
Compiling .pio/build/esp32s3-n16r8-bench/lib1a6/NimBLE-Arduino/NimBLEService.cpp.o
Compiling .pio/build/esp32s3-n16r8-bench/lib1a6/NimBLE-Arduino/NimBLEUUID.cpp.o
Compiling .pio/build/esp32s3-n16r8-bench/lib1a6/NimBLE-Arduino/NimBLEUtils.cpp.o
Compiling .pio/build/esp32s3-n16r8-bench/lib1a6/NimBLE-Arduino/nimble/esp_port/esp-hci/src/esp_nimble_hci.c.o
Compiling .pio/build/esp32s3-n16r8-bench/lib1a6/NimBLE-Arduino/nimble/esp_port/esp-hci/src/na_hci_driver.c.o
Compiling .pio/build/esp32s3-n16r8-bench/lib1a6/NimBLE-Arduino/nimble/esp_port/esp-hci/src/na_hci_transport.c.o
Compiling .pio/build/esp32s3-n16r8-bench/lib1a6/NimBLE-Arduino/nimble/esp_port/port/src/exp_nimble_mem.c.o
Compiling .pio/build/esp32s3-n16r8-bench/lib1a6/NimBLE-Arduino/nimble/ext/tinycrypt/src/aes_decrypt.c.o
Compiling .pio/build/esp32s3-n16r8-bench/lib1a6/NimBLE-Arduino/nimble/ext/tinycrypt/src/aes_encrypt.c.o
Compiling .pio/build/esp32s3-n16r8-bench/lib1a6/NimBLE-Arduino/nimble/ext/tinycrypt/src/cbc_mode.c.o
Compiling .pio/build/esp32s3-n16r8-bench/lib1a6/NimBLE-Arduino/nimble/ext/tinycrypt/src/ccm_mode.c.o
Compiling .pio/build/esp32s3-n16r8-bench/lib1a6/NimBLE-Arduino/nimble/ext/tinycrypt/src/cmac_mode.c.o
Compiling .pio/build/esp32s3-n16r8-bench/lib1a6/NimBLE-Arduino/nimble/ext/tinycrypt/src/ctr_mode.c.o
Compiling .pio/build/esp32s3-n16r8-bench/lib1a6/NimBLE-Arduino/nimble/ext/tinycrypt/src/ctr_prng.c.o
Compiling .pio/build/esp32s3-n16r8-bench/lib1a6/NimBLE-Arduino/nimble/ext/tinycrypt/src/ecc.c.o
Compiling .pio/build/esp32s3-n16r8-bench/lib1a6/NimBLE-Arduino/nimble/ext/tinycrypt/src/ecc_dh.c.o
Compiling .pio/build/esp32s3-n16r8-bench/lib1a6/NimBLE-Arduino/nimble/ext/tinycrypt/src/ecc_dsa.c.o
Compiling .pio/build/esp32s3-n16r8-bench/lib1a6/NimBLE-Arduino/nimble/ext/tinycrypt/src/ecc_platform_specific.c.o
Compiling .pio/build/esp32s3-n16r8-bench/lib1a6/NimBLE-Arduino/nimble/ext/tinycrypt/src/hmac.c.o
Compiling .pio/build/esp32s3-n16r8-bench/lib1a6/NimBLE-Arduino/nimble/ext/tinycrypt/src/hmac_prng.c.o
Compiling .pio/build/esp32s3-n16r8-bench/lib1a6/NimBLE-Arduino/nimble/ext/tinycrypt/src/sha256.c.o
Compiling .pio/build/esp32s3-n16r8-bench/lib1a6/NimBLE-Arduino/nimble/ext/tinycrypt/src/utils.c.o
Compiling .pio/build/esp32s3-n16r8-bench/lib1a6/NimBLE-Arduino/nimble/nimble/controller/src/ble_ll.c.o
Compiling .pio/build/esp32s3-n16r8-bench/lib1a6/NimBLE-Arduino/nimble/nimble/controller/src/ble_ll_adv.c.o
Compiling .pio/build/esp32s3-n16r8-bench/lib1a6/NimBLE-Arduino/nimble/nimble/controller/src/ble_ll_conn.c.o
Compiling .pio/build/esp32s3-n16r8-bench/lib1a6/NimBLE-Arduino/nimble/nimble/controller/src/ble_ll_conn_hci.c.o
Compiling .pio/build/esp32s3-n16r8-bench/lib1a6/NimBLE-Arduino/nimble/nimble/controller/src/ble_ll_crypto.c.o
Compiling .pio/build/esp32s3-n16r8-bench/lib1a6/NimBLE-Arduino/nimble/nimble/controller/src/ble_ll_ctrl.c.o
Compiling .pio/build/esp32s3-n16r8-bench/lib1a6/NimBLE-Arduino/nimble/nimble/controller/src/ble_ll_dtm.c.o
Compiling .pio/build/esp32s3-n16r8-bench/lib1a6/NimBLE-Arduino/nimble/nimble/controller/src/ble_ll_hci.c.o
Compiling .pio/build/esp32s3-n16r8-bench/lib1a6/NimBLE-Arduino/nimble/nimble/controller/src/ble_ll_hci_ev.c.o
Compiling .pio/build/esp32s3-n16r8-bench/lib1a6/NimBLE-Arduino/nimble/nimble/controller/src/ble_ll_hci_supp_cmd.c.o
Compiling .pio/build/esp32s3-n16r8-bench/lib1a6/NimBLE-Arduino/nimble/nimble/controller/src/ble_ll_hci_vs.c.o
Compiling .pio/build/esp32s3-n16r8-bench/lib1a6/NimBLE-Arduino/nimble/nimble/controller/src/ble_ll_iso.c.o
Compiling .pio/build/esp32s3-n16r8-bench/lib1a6/NimBLE-Arduino/nimble/nimble/controller/src/ble_ll_iso_big.c.o
Compiling .pio/build/esp32s3-n16r8-bench/lib1a6/NimBLE-Arduino/nimble/nimble/controller/src/ble_ll_isoal.c.o
Compiling .pio/build/esp32s3-n16r8-bench/lib1a6/NimBLE-Arduino/nimble/nimble/controller/src/ble_ll_pdu.c.o
Compiling .pio/build/esp32s3-n16r8-bench/lib1a6/NimBLE-Arduino/nimble/nimble/controller/src/ble_ll_rand.c.o
Compiling .pio/build/esp32s3-n16r8-bench/lib1a6/NimBLE-Arduino/nimble/nimble/controller/src/ble_ll_resolv.c.o
Compiling .pio/build/esp32s3-n16r8-bench/lib1a6/NimBLE-Arduino/nimble/nimble/controller/src/ble_ll_rfmgmt.c.o
Compiling .pio/build/esp32s3-n16r8-bench/lib1a6/NimBLE-Arduino/nimble/nimble/controller/src/ble_ll_scan.c.o
Compiling .pio/build/esp32s3-n16r8-bench/lib1a6/NimBLE-Arduino/nimble/nimble/controller/src/ble_ll_scan_aux.c.o
Compiling .pio/build/esp32s3-n16r8-bench/lib1a6/NimBLE-Arduino/nimble/nimble/controller/src/ble_ll_sched.c.o
Compiling .pio/build/esp32s3-n16r8-bench/lib1a6/NimBLE-Arduino/nimble/nimble/controller/src/ble_ll_sync.c.o
Compiling .pio/build/esp32s3-n16r8-bench/lib1a6/NimBLE-Arduino/nimble/nimble/controller/src/ble_ll_trace.c.o
Compiling .pio/build/esp32s3-n16r8-bench/lib1a6/NimBLE-Arduino/nimble/nimble/controller/src/ble_ll_utils.c.o
Compiling .pio/build/esp32s3-n16r8-bench/lib1a6/NimBLE-Arduino/nimble/nimble/controller/src/ble_ll_whitelist.c.o
Compiling .pio/build/esp32s3-n16r8-bench/lib1a6/NimBLE-Arduino/nimble/nimble/drivers/nrf51/src/ble_hw.c.o
Compiling .pio/build/esp32s3-n16r8-bench/lib1a6/NimBLE-Arduino/nimble/nimble/drivers/nrf51/src/ble_phy.c.o
Compiling .pio/build/esp32s3-n16r8-bench/lib1a6/NimBLE-Arduino/nimble/nimble/drivers/nrf5x/src/ble_hw.c.o
Compiling .pio/build/esp32s3-n16r8-bench/lib1a6/NimBLE-Arduino/nimble/nimble/drivers/nrf5x/src/ble_phy.c.o
Compiling .pio/build/esp32s3-n16r8-bench/lib1a6/NimBLE-Arduino/nimble/nimble/drivers/nrf5x/src/ble_phy_trace.c.o
Compiling .pio/build/esp32s3-n16r8-bench/lib1a6/NimBLE-Arduino/nimble/nimble/drivers/nrf5x/src/nrf52/phy.c.o
Compiling .pio/build/esp32s3-n16r8-bench/lib1a6/NimBLE-Arduino/nimble/nimble/drivers/nrf5x/src/nrf53/phy.c.o
Compiling .pio/build/esp32s3-n16r8-bench/lib1a6/NimBLE-Arduino/nimble/nimble/host/mesh/src/access.c.o
Compiling .pio/build/esp32s3-n16r8-bench/lib1a6/NimBLE-Arduino/nimble/nimble/host/mesh/src/adv.c.o
Compiling .pio/build/esp32s3-n16r8-bench/lib1a6/NimBLE-Arduino/nimble/nimble/host/mesh/src/adv_ext.c.o
Compiling .pio/build/esp32s3-n16r8-bench/lib1a6/NimBLE-Arduino/nimble/nimble/host/mesh/src/adv_legacy.c.o
Compiling .pio/build/esp32s3-n16r8-bench/lib1a6/NimBLE-Arduino/nimble/nimble/host/mesh/src/aes-ccm.c.o
Compiling .pio/build/esp32s3-n16r8-bench/lib1a6/NimBLE-Arduino/nimble/nimble/host/mesh/src/app_keys.c.o
Compiling .pio/build/esp32s3-n16r8-bench/lib1a6/NimBLE-Arduino/nimble/nimble/host/mesh/src/beacon.c.o
Compiling .pio/build/esp32s3-n16r8-bench/lib1a6/NimBLE-Arduino/nimble/nimble/host/mesh/src/cdb.c.o
Compiling .pio/build/esp32s3-n16r8-bench/lib1a6/NimBLE-Arduino/nimble/nimble/host/mesh/src/cfg.c.o
Compiling .pio/build/esp32s3-n16r8-bench/lib1a6/NimBLE-Arduino/nimble/nimble/host/mesh/src/cfg_cli.c.o
Compiling .pio/build/esp32s3-n16r8-bench/lib1a6/NimBLE-Arduino/nimble/nimble/host/mesh/src/cfg_srv.c.o
Compiling .pio/build/esp32s3-n16r8-bench/lib1a6/NimBLE-Arduino/nimble/nimble/host/mesh/src/crypto.c.o
Compiling .pio/build/esp32s3-n16r8-bench/lib1a6/NimBLE-Arduino/nimble/nimble/host/mesh/src/friend.c.o
Compiling .pio/build/esp32s3-n16r8-bench/lib1a6/NimBLE-Arduino/nimble/nimble/host/mesh/src/glue.c.o
Compiling .pio/build/esp32s3-n16r8-bench/lib1a6/NimBLE-Arduino/nimble/nimble/host/mesh/src/health_cli.c.o
Compiling .pio/build/esp32s3-n16r8-bench/lib1a6/NimBLE-Arduino/nimble/nimble/host/mesh/src/health_srv.c.o
Compiling .pio/build/esp32s3-n16r8-bench/lib1a6/NimBLE-Arduino/nimble/nimble/host/mesh/src/heartbeat.c.o
Compiling .pio/build/esp32s3-n16r8-bench/lib1a6/NimBLE-Arduino/nimble/nimble/host/mesh/src/light_model.c.o
Compiling .pio/build/esp32s3-n16r8-bench/lib1a6/NimBLE-Arduino/nimble/nimble/host/mesh/src/lpn.c.o
Compiling .pio/build/esp32s3-n16r8-bench/lib1a6/NimBLE-Arduino/nimble/nimble/host/mesh/src/mesh.c.o
Compiling .pio/build/esp32s3-n16r8-bench/lib1a6/NimBLE-Arduino/nimble/nimble/host/mesh/src/model_cli.c.o
Compiling .pio/build/esp32s3-n16r8-bench/lib1a6/NimBLE-Arduino/nimble/nimble/host/mesh/src/model_srv.c.o
Compiling .pio/build/esp32s3-n16r8-bench/lib1a6/NimBLE-Arduino/nimble/nimble/host/mesh/src/msg.c.o
Compiling .pio/build/esp32s3-n16r8-bench/lib1a6/NimBLE-Arduino/nimble/nimble/host/mesh/src/net.c.o
Compiling .pio/build/esp32s3-n16r8-bench/lib1a6/NimBLE-Arduino/nimble/nimble/host/mesh/src/pb_adv.c.o
Compiling .pio/build/esp32s3-n16r8-bench/lib1a6/NimBLE-Arduino/nimble/nimble/host/mesh/src/pb_gatt.c.o
Compiling .pio/build/esp32s3-n16r8-bench/lib1a6/NimBLE-Arduino/nimble/nimble/host/mesh/src/pb_gatt_srv.c.o
Compiling .pio/build/esp32s3-n16r8-bench/lib1a6/NimBLE-Arduino/nimble/nimble/host/mesh/src/prov.c.o
Compiling .pio/build/esp32s3-n16r8-bench/lib1a6/NimBLE-Arduino/nimble/nimble/host/mesh/src/prov_device.c.o
Compiling .pio/build/esp32s3-n16r8-bench/lib1a6/NimBLE-Arduino/nimble/nimble/host/mesh/src/provisioner.c.o
Compiling .pio/build/esp32s3-n16r8-bench/lib1a6/NimBLE-Arduino/nimble/nimble/host/mesh/src/proxy.c.o
Compiling .pio/build/esp32s3-n16r8-bench/lib1a6/NimBLE-Arduino/nimble/nimble/host/mesh/src/proxy_msg.c.o
Compiling .pio/build/esp32s3-n16r8-bench/lib1a6/NimBLE-Arduino/nimble/nimble/host/mesh/src/proxy_srv.c.o
Compiling .pio/build/esp32s3-n16r8-bench/lib1a6/NimBLE-Arduino/nimble/nimble/host/mesh/src/rpl.c.o
Compiling .pio/build/esp32s3-n16r8-bench/lib1a6/NimBLE-Arduino/nimble/nimble/host/mesh/src/settings.c.o
Compiling .pio/build/esp32s3-n16r8-bench/lib1a6/NimBLE-Arduino/nimble/nimble/host/mesh/src/shell.c.o
Compiling .pio/build/esp32s3-n16r8-bench/lib1a6/NimBLE-Arduino/nimble/nimble/host/mesh/src/subnet.c.o
Compiling .pio/build/esp32s3-n16r8-bench/lib1a6/NimBLE-Arduino/nimble/nimble/host/mesh/src/testing.c.o
Compiling .pio/build/esp32s3-n16r8-bench/lib1a6/NimBLE-Arduino/nimble/nimble/host/mesh/src/transport.c.o
Compiling .pio/build/esp32s3-n16r8-bench/lib1a6/NimBLE-Arduino/nimble/nimble/host/services/gap/src/ble_svc_gap.c.o
Compiling .pio/build/esp32s3-n16r8-bench/lib1a6/NimBLE-Arduino/nimble/nimble/host/services/gatt/src/ble_svc_gatt.c.o
Compiling .pio/build/esp32s3-n16r8-bench/lib1a6/NimBLE-Arduino/nimble/nimble/host/src/ble_aes_ccm.c.o
Compiling .pio/build/esp32s3-n16r8-bench/lib1a6/NimBLE-Arduino/nimble/nimble/host/src/ble_att.c.o
Compiling .pio/build/esp32s3-n16r8-bench/lib1a6/NimBLE-Arduino/nimble/nimble/host/src/ble_att_clt.c.o
Compiling .pio/build/esp32s3-n16r8-bench/lib1a6/NimBLE-Arduino/nimble/nimble/host/src/ble_att_cmd.c.o
Compiling .pio/build/esp32s3-n16r8-bench/lib1a6/NimBLE-Arduino/nimble/nimble/host/src/ble_att_svr.c.o
Compiling .pio/build/esp32s3-n16r8-bench/lib1a6/NimBLE-Arduino/nimble/nimble/host/src/ble_dtm.c.o
Compiling .pio/build/esp32s3-n16r8-bench/lib1a6/NimBLE-Arduino/nimble/nimble/host/src/ble_ead.c.o
Compiling .pio/build/esp32s3-n16r8-bench/lib1a6/NimBLE-Arduino/nimble/nimble/host/src/ble_eatt.c.o
Compiling .pio/build/esp32s3-n16r8-bench/lib1a6/NimBLE-Arduino/nimble/nimble/host/src/ble_eddystone.c.o
Compiling .pio/build/esp32s3-n16r8-bench/lib1a6/NimBLE-Arduino/nimble/nimble/host/src/ble_gap.c.o
Compiling .pio/build/esp32s3-n16r8-bench/lib1a6/NimBLE-Arduino/nimble/nimble/host/src/ble_gattc.c.o
Compiling .pio/build/esp32s3-n16r8-bench/lib1a6/NimBLE-Arduino/nimble/nimble/host/src/ble_gattc_cache.c.o
Compiling .pio/build/esp32s3-n16r8-bench/lib1a6/NimBLE-Arduino/nimble/nimble/host/src/ble_gattc_cache_conn.c.o
Compiling .pio/build/esp32s3-n16r8-bench/lib1a6/NimBLE-Arduino/nimble/nimble/host/src/ble_gatts.c.o
Compiling .pio/build/esp32s3-n16r8-bench/lib1a6/NimBLE-Arduino/nimble/nimble/host/src/ble_gatts_lcl.c.o
Compiling .pio/build/esp32s3-n16r8-bench/lib1a6/NimBLE-Arduino/nimble/nimble/host/src/ble_hs.c.o
Compiling .pio/build/esp32s3-n16r8-bench/lib1a6/NimBLE-Arduino/nimble/nimble/host/src/ble_hs_adv.c.o
Compiling .pio/build/esp32s3-n16r8-bench/lib1a6/NimBLE-Arduino/nimble/nimble/host/src/ble_hs_atomic.c.o
Compiling .pio/build/esp32s3-n16r8-bench/lib1a6/NimBLE-Arduino/nimble/nimble/host/src/ble_hs_cfg.c.o
Compiling .pio/build/esp32s3-n16r8-bench/lib1a6/NimBLE-Arduino/nimble/nimble/host/src/ble_hs_conn.c.o
Compiling .pio/build/esp32s3-n16r8-bench/lib1a6/NimBLE-Arduino/nimble/nimble/host/src/ble_hs_flow.c.o
Compiling .pio/build/esp32s3-n16r8-bench/lib1a6/NimBLE-Arduino/nimble/nimble/host/src/ble_hs_hci.c.o
Compiling .pio/build/esp32s3-n16r8-bench/lib1a6/NimBLE-Arduino/nimble/nimble/host/src/ble_hs_hci_cmd.c.o
Compiling .pio/build/esp32s3-n16r8-bench/lib1a6/NimBLE-Arduino/nimble/nimble/host/src/ble_hs_hci_evt.c.o
Compiling .pio/build/esp32s3-n16r8-bench/lib1a6/NimBLE-Arduino/nimble/nimble/host/src/ble_hs_hci_util.c.o
Compiling .pio/build/esp32s3-n16r8-bench/lib1a6/NimBLE-Arduino/nimble/nimble/host/src/ble_hs_id.c.o
Compiling .pio/build/esp32s3-n16r8-bench/lib1a6/NimBLE-Arduino/nimble/nimble/host/src/ble_hs_log.c.o
Compiling .pio/build/esp32s3-n16r8-bench/lib1a6/NimBLE-Arduino/nimble/nimble/host/src/ble_hs_mbuf.c.o
Compiling .pio/build/esp32s3-n16r8-bench/lib1a6/NimBLE-Arduino/nimble/nimble/host/src/ble_hs_misc.c.o
Compiling .pio/build/esp32s3-n16r8-bench/lib1a6/NimBLE-Arduino/nimble/nimble/host/src/ble_hs_mqueue.c.o
Compiling .pio/build/esp32s3-n16r8-bench/lib1a6/NimBLE-Arduino/nimble/nimble/host/src/ble_hs_periodic_sync.c.o
Compiling .pio/build/esp32s3-n16r8-bench/lib1a6/NimBLE-Arduino/nimble/nimble/host/src/ble_hs_pvcy.c.o
Compiling .pio/build/esp32s3-n16r8-bench/lib1a6/NimBLE-Arduino/nimble/nimble/host/src/ble_hs_resolv.c.o
Compiling .pio/build/esp32s3-n16r8-bench/lib1a6/NimBLE-Arduino/nimble/nimble/host/src/ble_hs_shutdown.c.o
Compiling .pio/build/esp32s3-n16r8-bench/lib1a6/NimBLE-Arduino/nimble/nimble/host/src/ble_hs_startup.c.o
Compiling .pio/build/esp32s3-n16r8-bench/lib1a6/NimBLE-Arduino/nimble/nimble/host/src/ble_hs_stop.c.o
Compiling .pio/build/esp32s3-n16r8-bench/lib1a6/NimBLE-Arduino/nimble/nimble/host/src/ble_ibeacon.c.o
Compiling .pio/build/esp32s3-n16r8-bench/lib1a6/NimBLE-Arduino/nimble/nimble/host/src/ble_l2cap.c.o
Compiling .pio/build/esp32s3-n16r8-bench/lib1a6/NimBLE-Arduino/nimble/nimble/host/src/ble_l2cap_coc.c.o
Compiling .pio/build/esp32s3-n16r8-bench/lib1a6/NimBLE-Arduino/nimble/nimble/host/src/ble_l2cap_sig.c.o
Compiling .pio/build/esp32s3-n16r8-bench/lib1a6/NimBLE-Arduino/nimble/nimble/host/src/ble_l2cap_sig_cmd.c.o
Compiling .pio/build/esp32s3-n16r8-bench/lib1a6/NimBLE-Arduino/nimble/nimble/host/src/ble_sm.c.o
Compiling .pio/build/esp32s3-n16r8-bench/lib1a6/NimBLE-Arduino/nimble/nimble/host/src/ble_sm_alg.c.o
Compiling .pio/build/esp32s3-n16r8-bench/lib1a6/NimBLE-Arduino/nimble/nimble/host/src/ble_sm_cmd.c.o
Compiling .pio/build/esp32s3-n16r8-bench/lib1a6/NimBLE-Arduino/nimble/nimble/host/src/ble_sm_lgcy.c.o
Compiling .pio/build/esp32s3-n16r8-bench/lib1a6/NimBLE-Arduino/nimble/nimble/host/src/ble_sm_sc.c.o
Compiling .pio/build/esp32s3-n16r8-bench/lib1a6/NimBLE-Arduino/nimble/nimble/host/src/ble_store.c.o
Compiling .pio/build/esp32s3-n16r8-bench/lib1a6/NimBLE-Arduino/nimble/nimble/host/src/ble_store_util.c.o
Compiling .pio/build/esp32s3-n16r8-bench/lib1a6/NimBLE-Arduino/nimble/nimble/host/src/ble_uuid.c.o
Compiling .pio/build/esp32s3-n16r8-bench/lib1a6/NimBLE-Arduino/nimble/nimble/host/store/config/src/ble_store_config.c.o
Compiling .pio/build/esp32s3-n16r8-bench/lib1a6/NimBLE-Arduino/nimble/nimble/host/store/config/src/ble_store_config_conf.c.o
Compiling .pio/build/esp32s3-n16r8-bench/lib1a6/NimBLE-Arduino/nimble/nimble/host/store/config/src/ble_store_nvs.c.o
Compiling .pio/build/esp32s3-n16r8-bench/lib1a6/NimBLE-Arduino/nimble/nimble/host/store/ram/src/ble_store_ram.c.o
Compiling .pio/build/esp32s3-n16r8-bench/lib1a6/NimBLE-Arduino/nimble/nimble/host/util/src/addr.c.o
Compiling .pio/build/esp32s3-n16r8-bench/lib1a6/NimBLE-Arduino/nimble/nimble/transport/common/hci_h4/src/hci_h4.c.o
Compiling .pio/build/esp32s3-n16r8-bench/lib1a6/NimBLE-Arduino/nimble/nimble/transport/common/hci_ipc/src/hci_ipc.c.o
Compiling .pio/build/esp32s3-n16r8-bench/lib1a6/NimBLE-Arduino/nimble/nimble/transport/esp_ipc/src/hci_esp_ipc.c.o
Compiling .pio/build/esp32s3-n16r8-bench/lib1a6/NimBLE-Arduino/nimble/nimble/transport/esp_ipc_legacy/src/hci_esp_ipc_legacy.c.o
Compiling .pio/build/esp32s3-n16r8-bench/lib1a6/NimBLE-Arduino/nimble/nimble/transport/nrf5340/src/nrf5340_ble_hci.c.o
Compiling .pio/build/esp32s3-n16r8-bench/lib1a6/NimBLE-Arduino/nimble/nimble/transport/src/transport.c.o
Compiling .pio/build/esp32s3-n16r8-bench/lib1a6/NimBLE-Arduino/nimble/porting/nimble/src/endian.c.o
Compiling .pio/build/esp32s3-n16r8-bench/lib1a6/NimBLE-Arduino/nimble/porting/nimble/src/hal_timer.c.o
Compiling .pio/build/esp32s3-n16r8-bench/lib1a6/NimBLE-Arduino/nimble/porting/nimble/src/mem.c.o
Compiling .pio/build/esp32s3-n16r8-bench/lib1a6/NimBLE-Arduino/nimble/porting/nimble/src/nimble_port.c.o
Compiling .pio/build/esp32s3-n16r8-bench/lib1a6/NimBLE-Arduino/nimble/porting/nimble/src/os_cputime.c.o
Compiling .pio/build/esp32s3-n16r8-bench/lib1a6/NimBLE-Arduino/nimble/porting/nimble/src/os_cputime_pwr2.c.o
Compiling .pio/build/esp32s3-n16r8-bench/lib1a6/NimBLE-Arduino/nimble/porting/nimble/src/os_mbuf.c.o
Compiling .pio/build/esp32s3-n16r8-bench/lib1a6/NimBLE-Arduino/nimble/porting/nimble/src/os_mempool.c.o
Compiling .pio/build/esp32s3-n16r8-bench/lib1a6/NimBLE-Arduino/nimble/porting/nimble/src/os_msys_init.c.o
Compiling .pio/build/esp32s3-n16r8-bench/lib1a6/NimBLE-Arduino/nimble/porting/npl/freertos/src/nimble_port_freertos.c.o
Compiling .pio/build/esp32s3-n16r8-bench/lib1a6/NimBLE-Arduino/nimble/porting/npl/freertos/src/npl_os_freertos.c.o
Compiling .pio/build/esp32s3-n16r8-bench/lib76a/Preferences/Preferences.cpp.o
Compiling .pio/build/esp32s3-n16r8-bench/lib351/Wire/Wire.cpp.o
Compiling .pio/build/esp32s3-n16r8-bench/FrameworkArduino/Esp.cpp.o
Archiving .pio/build/esp32s3-n16r8-bench/lib1a6/libNimBLE-Arduino.a
Compiling .pio/build/esp32s3-n16r8-bench/FrameworkArduino/FirmwareMSC.cpp.o
Compiling .pio/build/esp32s3-n16r8-bench/FrameworkArduino/FunctionalInterrupt.cpp.o
Compiling .pio/build/esp32s3-n16r8-bench/FrameworkArduino/HWCDC.cpp.o
Compiling .pio/build/esp32s3-n16r8-bench/FrameworkArduino/HardwareSerial.cpp.o
Indexing .pio/build/esp32s3-n16r8-bench/lib1a6/libNimBLE-Arduino.a
Compiling .pio/build/esp32s3-n16r8-bench/FrameworkArduino/IPAddress.cpp.o
Compiling .pio/build/esp32s3-n16r8-bench/FrameworkArduino/IPv6Address.cpp.o
Archiving .pio/build/esp32s3-n16r8-bench/lib76a/libPreferences.a
Indexing .pio/build/esp32s3-n16r8-bench/lib76a/libPreferences.a
Archiving .pio/build/esp32s3-n16r8-bench/lib351/libWire.a
Compiling .pio/build/esp32s3-n16r8-bench/FrameworkArduino/MD5Builder.cpp.o
Compiling .pio/build/esp32s3-n16r8-bench/FrameworkArduino/Print.cpp.o
Indexing .pio/build/esp32s3-n16r8-bench/lib351/libWire.a
Compiling .pio/build/esp32s3-n16r8-bench/FrameworkArduino/Stream.cpp.o
Compiling .pio/build/esp32s3-n16r8-bench/FrameworkArduino/StreamString.cpp.o
Compiling .pio/build/esp32s3-n16r8-bench/FrameworkArduino/Tone.cpp.o
Compiling .pio/build/esp32s3-n16r8-bench/FrameworkArduino/USB.cpp.o
Compiling .pio/build/esp32s3-n16r8-bench/FrameworkArduino/USBCDC.cpp.o
Compiling .pio/build/esp32s3-n16r8-bench/FrameworkArduino/USBMSC.cpp.o
Compiling .pio/build/esp32s3-n16r8-bench/FrameworkArduino/WMath.cpp.o
Compiling .pio/build/esp32s3-n16r8-bench/FrameworkArduino/WString.cpp.o
Compiling .pio/build/esp32s3-n16r8-bench/FrameworkArduino/base64.cpp.o
Compiling .pio/build/esp32s3-n16r8-bench/FrameworkArduino/cbuf.cpp.o
Compiling .pio/build/esp32s3-n16r8-bench/FrameworkArduino/esp32-hal-adc.c.o
Compiling .pio/build/esp32s3-n16r8-bench/FrameworkArduino/esp32-hal-bt.c.o
Compiling .pio/build/esp32s3-n16r8-bench/FrameworkArduino/esp32-hal-cpu.c.o
Compiling .pio/build/esp32s3-n16r8-bench/FrameworkArduino/esp32-hal-dac.c.o
Compiling .pio/build/esp32s3-n16r8-bench/FrameworkArduino/esp32-hal-gpio.c.o
Compiling .pio/build/esp32s3-n16r8-bench/FrameworkArduino/esp32-hal-i2c-slave.c.o
Compiling .pio/build/esp32s3-n16r8-bench/FrameworkArduino/esp32-hal-i2c.c.o
Compiling .pio/build/esp32s3-n16r8-bench/FrameworkArduino/esp32-hal-ledc.c.o
Compiling .pio/build/esp32s3-n16r8-bench/FrameworkArduino/esp32-hal-matrix.c.o
Compiling .pio/build/esp32s3-n16r8-bench/FrameworkArduino/esp32-hal-misc.c.o
Compiling .pio/build/esp32s3-n16r8-bench/FrameworkArduino/esp32-hal-psram.c.o
Compiling .pio/build/esp32s3-n16r8-bench/FrameworkArduino/esp32-hal-rgb-led.c.o
Compiling .pio/build/esp32s3-n16r8-bench/FrameworkArduino/esp32-hal-rmt.c.o
Compiling .pio/build/esp32s3-n16r8-bench/FrameworkArduino/esp32-hal-sigmadelta.c.o
Compiling .pio/build/esp32s3-n16r8-bench/FrameworkArduino/esp32-hal-spi.c.o
Compiling .pio/build/esp32s3-n16r8-bench/FrameworkArduino/esp32-hal-time.c.o
Compiling .pio/build/esp32s3-n16r8-bench/FrameworkArduino/esp32-hal-timer.c.o
Compiling .pio/build/esp32s3-n16r8-bench/FrameworkArduino/esp32-hal-tinyusb.c.o
Compiling .pio/build/esp32s3-n16r8-bench/FrameworkArduino/esp32-hal-touch.c.o
Compiling .pio/build/esp32s3-n16r8-bench/FrameworkArduino/esp32-hal-uart.c.o
Compiling .pio/build/esp32s3-n16r8-bench/FrameworkArduino/firmware_msc_fat.c.o
Compiling .pio/build/esp32s3-n16r8-bench/FrameworkArduino/libb64/cdecode.c.o
Compiling .pio/build/esp32s3-n16r8-bench/FrameworkArduino/libb64/cencode.c.o
Compiling .pio/build/esp32s3-n16r8-bench/FrameworkArduino/main.cpp.o
Compiling .pio/build/esp32s3-n16r8-bench/FrameworkArduino/stdlib_noniso.c.o
Compiling .pio/build/esp32s3-n16r8-bench/FrameworkArduino/wiring_pulse.c.o
Compiling .pio/build/esp32s3-n16r8-bench/FrameworkArduino/wiring_shift.c.o
Archiving .pio/build/esp32s3-n16r8-bench/libFrameworkArduino.a
Indexing .pio/build/esp32s3-n16r8-bench/libFrameworkArduino.a
Linking .pio/build/esp32s3-n16r8-bench/firmware.elf
Retrieving maximum program size .pio/build/esp32s3-n16r8-bench/firmware.elf
Checking size .pio/build/esp32s3-n16r8-bench/firmware.elf
Advanced Memory Usage is available via "PlatformIO Home > Project Inspect"
RAM:   [=         ]  13.4% (used 43800 bytes from 327680 bytes)
Flash: [==        ]  23.3% (used 779145 bytes from 3342336 bytes)
Building .pio/build/esp32s3-n16r8-bench/firmware.bin
esptool.py v4.9.0
Creating esp32s3 image...
Merged 2 ELF sections
Successfully created esp32s3 image.
========================= [SUCCESS] Took 12.25 seconds =========================

Processing esp32s3-sim (platform: espressif32@6.12.0; board: esp32-s3-devkitc-1; framework: arduino)
--------------------------------------------------------------------------------
Library Manager: Installing h2zero/NimBLE-Arduino @ 2.3.6
Unpacking 0% 10% 20% 30% 40% 50% 60% 70% 80% 90% 100%
Library Manager: NimBLE-Arduino@2.3.6 has been installed!
Verbose mode can be enabled via `-v, --verbose` option
CONFIGURATION: https://docs.platformio.org/page/boards/espressif32/esp32-s3-devkitc-1.html
PLATFORM: Espressif 32 (6.12.0) > Espressif ESP32-S3-DevKitC-1-N8 (8 MB QD, No PSRAM)
HARDWARE: ESP32S3 240MHz, 320KB RAM, 8MB Flash
DEBUG: Current (esp-builtin) On-board (esp-builtin) External (cmsis-dap, esp-bridge, esp-prog, iot-bus-jtag, jlink, minimodule, olimex-arm-usb-ocd, olimex-arm-usb-ocd-h, olimex-arm-usb-tiny-h, olimex-jtag-tiny, tumpa)
PACKAGES: 
 - framework-arduinoespressif32 @ 3.20017.241212+sha.dcc1105b 
 - tool-esptoolpy @ 2.40900.250804 (4.9.0) 
 - toolchain-riscv32-esp @ 8.4.0+2021r2-patch5 
 - toolchain-xtensa-esp32s3 @ 8.4.0+2021r2-patch5
LDF: Library Dependency Finder -> https://bit.ly/configure-pio-ldf
LDF Modes: Finder ~ chain, Compatibility ~ soft
Found 34 compatible libraries
Scanning dependencies...
Dependency Graph
|-- NimBLE-Arduino @ 2.3.6
|-- Preferences @ 2.0.0
|-- Wire @ 2.0.0
Building in release mode
Compiling .pio/build/esp32s3-sim/nodx-core/calibration.o
Compiling .pio/build/esp32s3-sim/nodx-core/gesture.o
Compiling .pio/build/esp32s3-sim/nodx-core/handsfree.o
Compiling .pio/build/esp32s3-sim/nodx-core/motion.o
Compiling .pio/build/esp32s3-sim/nodx-core/output.o
Compiling .pio/build/esp32s3-sim/nodx-core/profile.o
Compiling .pio/build/esp32s3-sim/nodx-core/selection.o
Compiling .pio/build/esp32s3-sim/nodx-core/sensor.o
Compiling .pio/build/esp32s3-sim/nodx-core/system.o
Compiling .pio/build/esp32s3-sim/src/commands.cpp.o
Compiling .pio/build/esp32s3-sim/src/main.cpp.o
Compiling .pio/build/esp32s3-sim/src/runtime.cpp.o
Compiling .pio/build/esp32s3-sim/src/telemetry.cpp.o
Building .pio/build/esp32s3-sim/bootloader.bin
Generating partitions .pio/build/esp32s3-sim/partitions.bin
esptool.py v4.9.0
Creating esp32s3 image...
Merged 1 ELF section
Successfully created esp32s3 image.
Compiling .pio/build/esp32s3-sim/libf82/NimBLE-Arduino/NimBLE2904.cpp.o
Compiling .pio/build/esp32s3-sim/libf82/NimBLE-Arduino/NimBLEAddress.cpp.o
Compiling .pio/build/esp32s3-sim/libf82/NimBLE-Arduino/NimBLEAdvertisedDevice.cpp.o
Compiling .pio/build/esp32s3-sim/libf82/NimBLE-Arduino/NimBLEAdvertisementData.cpp.o
Compiling .pio/build/esp32s3-sim/libf82/NimBLE-Arduino/NimBLEAdvertising.cpp.o
Compiling .pio/build/esp32s3-sim/libf82/NimBLE-Arduino/NimBLEAttValue.cpp.o
Compiling .pio/build/esp32s3-sim/libf82/NimBLE-Arduino/NimBLEBeacon.cpp.o
Compiling .pio/build/esp32s3-sim/libf82/NimBLE-Arduino/NimBLECharacteristic.cpp.o
Compiling .pio/build/esp32s3-sim/libf82/NimBLE-Arduino/NimBLEClient.cpp.o
Compiling .pio/build/esp32s3-sim/libf82/NimBLE-Arduino/NimBLEDescriptor.cpp.o
Compiling .pio/build/esp32s3-sim/libf82/NimBLE-Arduino/NimBLEDevice.cpp.o
Compiling .pio/build/esp32s3-sim/libf82/NimBLE-Arduino/NimBLEEddystoneTLM.cpp.o
Compiling .pio/build/esp32s3-sim/libf82/NimBLE-Arduino/NimBLEExtAdvertising.cpp.o
Compiling .pio/build/esp32s3-sim/libf82/NimBLE-Arduino/NimBLEHIDDevice.cpp.o
Compiling .pio/build/esp32s3-sim/libf82/NimBLE-Arduino/NimBLEL2CAPChannel.cpp.o
Compiling .pio/build/esp32s3-sim/libf82/NimBLE-Arduino/NimBLEL2CAPServer.cpp.o
Compiling .pio/build/esp32s3-sim/libf82/NimBLE-Arduino/NimBLERemoteCharacteristic.cpp.o
Compiling .pio/build/esp32s3-sim/libf82/NimBLE-Arduino/NimBLERemoteDescriptor.cpp.o
Compiling .pio/build/esp32s3-sim/libf82/NimBLE-Arduino/NimBLERemoteService.cpp.o
Compiling .pio/build/esp32s3-sim/libf82/NimBLE-Arduino/NimBLERemoteValueAttribute.cpp.o
Compiling .pio/build/esp32s3-sim/libf82/NimBLE-Arduino/NimBLEScan.cpp.o
Compiling .pio/build/esp32s3-sim/libf82/NimBLE-Arduino/NimBLEServer.cpp.o
Compiling .pio/build/esp32s3-sim/libf82/NimBLE-Arduino/NimBLEService.cpp.o
Compiling .pio/build/esp32s3-sim/libf82/NimBLE-Arduino/NimBLEUUID.cpp.o
Compiling .pio/build/esp32s3-sim/libf82/NimBLE-Arduino/NimBLEUtils.cpp.o
Compiling .pio/build/esp32s3-sim/libf82/NimBLE-Arduino/nimble/esp_port/esp-hci/src/esp_nimble_hci.c.o
Compiling .pio/build/esp32s3-sim/libf82/NimBLE-Arduino/nimble/esp_port/esp-hci/src/na_hci_driver.c.o
Compiling .pio/build/esp32s3-sim/libf82/NimBLE-Arduino/nimble/esp_port/esp-hci/src/na_hci_transport.c.o
Compiling .pio/build/esp32s3-sim/libf82/NimBLE-Arduino/nimble/esp_port/port/src/exp_nimble_mem.c.o
Compiling .pio/build/esp32s3-sim/libf82/NimBLE-Arduino/nimble/ext/tinycrypt/src/aes_decrypt.c.o
Compiling .pio/build/esp32s3-sim/libf82/NimBLE-Arduino/nimble/ext/tinycrypt/src/aes_encrypt.c.o
Compiling .pio/build/esp32s3-sim/libf82/NimBLE-Arduino/nimble/ext/tinycrypt/src/cbc_mode.c.o
Compiling .pio/build/esp32s3-sim/libf82/NimBLE-Arduino/nimble/ext/tinycrypt/src/ccm_mode.c.o
Compiling .pio/build/esp32s3-sim/libf82/NimBLE-Arduino/nimble/ext/tinycrypt/src/cmac_mode.c.o
Compiling .pio/build/esp32s3-sim/libf82/NimBLE-Arduino/nimble/ext/tinycrypt/src/ctr_mode.c.o
Compiling .pio/build/esp32s3-sim/libf82/NimBLE-Arduino/nimble/ext/tinycrypt/src/ctr_prng.c.o
Compiling .pio/build/esp32s3-sim/libf82/NimBLE-Arduino/nimble/ext/tinycrypt/src/ecc.c.o
Compiling .pio/build/esp32s3-sim/libf82/NimBLE-Arduino/nimble/ext/tinycrypt/src/ecc_dh.c.o
Compiling .pio/build/esp32s3-sim/libf82/NimBLE-Arduino/nimble/ext/tinycrypt/src/ecc_dsa.c.o
Compiling .pio/build/esp32s3-sim/libf82/NimBLE-Arduino/nimble/ext/tinycrypt/src/ecc_platform_specific.c.o
Compiling .pio/build/esp32s3-sim/libf82/NimBLE-Arduino/nimble/ext/tinycrypt/src/hmac.c.o
Compiling .pio/build/esp32s3-sim/libf82/NimBLE-Arduino/nimble/ext/tinycrypt/src/hmac_prng.c.o
Compiling .pio/build/esp32s3-sim/libf82/NimBLE-Arduino/nimble/ext/tinycrypt/src/sha256.c.o
Compiling .pio/build/esp32s3-sim/libf82/NimBLE-Arduino/nimble/ext/tinycrypt/src/utils.c.o
Compiling .pio/build/esp32s3-sim/libf82/NimBLE-Arduino/nimble/nimble/controller/src/ble_ll.c.o
Compiling .pio/build/esp32s3-sim/libf82/NimBLE-Arduino/nimble/nimble/controller/src/ble_ll_adv.c.o
Compiling .pio/build/esp32s3-sim/libf82/NimBLE-Arduino/nimble/nimble/controller/src/ble_ll_conn.c.o
Compiling .pio/build/esp32s3-sim/libf82/NimBLE-Arduino/nimble/nimble/controller/src/ble_ll_conn_hci.c.o
Compiling .pio/build/esp32s3-sim/libf82/NimBLE-Arduino/nimble/nimble/controller/src/ble_ll_crypto.c.o
Compiling .pio/build/esp32s3-sim/libf82/NimBLE-Arduino/nimble/nimble/controller/src/ble_ll_ctrl.c.o
Compiling .pio/build/esp32s3-sim/libf82/NimBLE-Arduino/nimble/nimble/controller/src/ble_ll_dtm.c.o
Compiling .pio/build/esp32s3-sim/libf82/NimBLE-Arduino/nimble/nimble/controller/src/ble_ll_hci.c.o
Compiling .pio/build/esp32s3-sim/libf82/NimBLE-Arduino/nimble/nimble/controller/src/ble_ll_hci_ev.c.o
Compiling .pio/build/esp32s3-sim/libf82/NimBLE-Arduino/nimble/nimble/controller/src/ble_ll_hci_supp_cmd.c.o
Compiling .pio/build/esp32s3-sim/libf82/NimBLE-Arduino/nimble/nimble/controller/src/ble_ll_hci_vs.c.o
Compiling .pio/build/esp32s3-sim/libf82/NimBLE-Arduino/nimble/nimble/controller/src/ble_ll_iso.c.o
Compiling .pio/build/esp32s3-sim/libf82/NimBLE-Arduino/nimble/nimble/controller/src/ble_ll_iso_big.c.o
Compiling .pio/build/esp32s3-sim/libf82/NimBLE-Arduino/nimble/nimble/controller/src/ble_ll_isoal.c.o
Compiling .pio/build/esp32s3-sim/libf82/NimBLE-Arduino/nimble/nimble/controller/src/ble_ll_pdu.c.o
Compiling .pio/build/esp32s3-sim/libf82/NimBLE-Arduino/nimble/nimble/controller/src/ble_ll_rand.c.o
Compiling .pio/build/esp32s3-sim/libf82/NimBLE-Arduino/nimble/nimble/controller/src/ble_ll_resolv.c.o
Compiling .pio/build/esp32s3-sim/libf82/NimBLE-Arduino/nimble/nimble/controller/src/ble_ll_rfmgmt.c.o
Compiling .pio/build/esp32s3-sim/libf82/NimBLE-Arduino/nimble/nimble/controller/src/ble_ll_scan.c.o
Compiling .pio/build/esp32s3-sim/libf82/NimBLE-Arduino/nimble/nimble/controller/src/ble_ll_scan_aux.c.o
Compiling .pio/build/esp32s3-sim/libf82/NimBLE-Arduino/nimble/nimble/controller/src/ble_ll_sched.c.o
Compiling .pio/build/esp32s3-sim/libf82/NimBLE-Arduino/nimble/nimble/controller/src/ble_ll_sync.c.o
Compiling .pio/build/esp32s3-sim/libf82/NimBLE-Arduino/nimble/nimble/controller/src/ble_ll_trace.c.o
Compiling .pio/build/esp32s3-sim/libf82/NimBLE-Arduino/nimble/nimble/controller/src/ble_ll_utils.c.o
Compiling .pio/build/esp32s3-sim/libf82/NimBLE-Arduino/nimble/nimble/controller/src/ble_ll_whitelist.c.o
Compiling .pio/build/esp32s3-sim/libf82/NimBLE-Arduino/nimble/nimble/drivers/nrf51/src/ble_hw.c.o
Compiling .pio/build/esp32s3-sim/libf82/NimBLE-Arduino/nimble/nimble/drivers/nrf51/src/ble_phy.c.o
Compiling .pio/build/esp32s3-sim/libf82/NimBLE-Arduino/nimble/nimble/drivers/nrf5x/src/ble_hw.c.o
Compiling .pio/build/esp32s3-sim/libf82/NimBLE-Arduino/nimble/nimble/drivers/nrf5x/src/ble_phy.c.o
Compiling .pio/build/esp32s3-sim/libf82/NimBLE-Arduino/nimble/nimble/drivers/nrf5x/src/ble_phy_trace.c.o
Compiling .pio/build/esp32s3-sim/libf82/NimBLE-Arduino/nimble/nimble/drivers/nrf5x/src/nrf52/phy.c.o
Compiling .pio/build/esp32s3-sim/libf82/NimBLE-Arduino/nimble/nimble/drivers/nrf5x/src/nrf53/phy.c.o
Compiling .pio/build/esp32s3-sim/libf82/NimBLE-Arduino/nimble/nimble/host/mesh/src/access.c.o
Compiling .pio/build/esp32s3-sim/libf82/NimBLE-Arduino/nimble/nimble/host/mesh/src/adv.c.o
Compiling .pio/build/esp32s3-sim/libf82/NimBLE-Arduino/nimble/nimble/host/mesh/src/adv_ext.c.o
Compiling .pio/build/esp32s3-sim/libf82/NimBLE-Arduino/nimble/nimble/host/mesh/src/adv_legacy.c.o
Compiling .pio/build/esp32s3-sim/libf82/NimBLE-Arduino/nimble/nimble/host/mesh/src/aes-ccm.c.o
Compiling .pio/build/esp32s3-sim/libf82/NimBLE-Arduino/nimble/nimble/host/mesh/src/app_keys.c.o
Compiling .pio/build/esp32s3-sim/libf82/NimBLE-Arduino/nimble/nimble/host/mesh/src/beacon.c.o
Compiling .pio/build/esp32s3-sim/libf82/NimBLE-Arduino/nimble/nimble/host/mesh/src/cdb.c.o
Compiling .pio/build/esp32s3-sim/libf82/NimBLE-Arduino/nimble/nimble/host/mesh/src/cfg.c.o
Compiling .pio/build/esp32s3-sim/libf82/NimBLE-Arduino/nimble/nimble/host/mesh/src/cfg_cli.c.o
Compiling .pio/build/esp32s3-sim/libf82/NimBLE-Arduino/nimble/nimble/host/mesh/src/cfg_srv.c.o
Compiling .pio/build/esp32s3-sim/libf82/NimBLE-Arduino/nimble/nimble/host/mesh/src/crypto.c.o
Compiling .pio/build/esp32s3-sim/libf82/NimBLE-Arduino/nimble/nimble/host/mesh/src/friend.c.o
Compiling .pio/build/esp32s3-sim/libf82/NimBLE-Arduino/nimble/nimble/host/mesh/src/glue.c.o
Compiling .pio/build/esp32s3-sim/libf82/NimBLE-Arduino/nimble/nimble/host/mesh/src/health_cli.c.o
Compiling .pio/build/esp32s3-sim/libf82/NimBLE-Arduino/nimble/nimble/host/mesh/src/health_srv.c.o
Compiling .pio/build/esp32s3-sim/libf82/NimBLE-Arduino/nimble/nimble/host/mesh/src/heartbeat.c.o
Compiling .pio/build/esp32s3-sim/libf82/NimBLE-Arduino/nimble/nimble/host/mesh/src/light_model.c.o
Compiling .pio/build/esp32s3-sim/libf82/NimBLE-Arduino/nimble/nimble/host/mesh/src/lpn.c.o
Compiling .pio/build/esp32s3-sim/libf82/NimBLE-Arduino/nimble/nimble/host/mesh/src/mesh.c.o
Compiling .pio/build/esp32s3-sim/libf82/NimBLE-Arduino/nimble/nimble/host/mesh/src/model_cli.c.o
Compiling .pio/build/esp32s3-sim/libf82/NimBLE-Arduino/nimble/nimble/host/mesh/src/model_srv.c.o
Compiling .pio/build/esp32s3-sim/libf82/NimBLE-Arduino/nimble/nimble/host/mesh/src/msg.c.o
Compiling .pio/build/esp32s3-sim/libf82/NimBLE-Arduino/nimble/nimble/host/mesh/src/net.c.o
Compiling .pio/build/esp32s3-sim/libf82/NimBLE-Arduino/nimble/nimble/host/mesh/src/pb_adv.c.o
Compiling .pio/build/esp32s3-sim/libf82/NimBLE-Arduino/nimble/nimble/host/mesh/src/pb_gatt.c.o
Compiling .pio/build/esp32s3-sim/libf82/NimBLE-Arduino/nimble/nimble/host/mesh/src/pb_gatt_srv.c.o
Compiling .pio/build/esp32s3-sim/libf82/NimBLE-Arduino/nimble/nimble/host/mesh/src/prov.c.o
Compiling .pio/build/esp32s3-sim/libf82/NimBLE-Arduino/nimble/nimble/host/mesh/src/prov_device.c.o
Compiling .pio/build/esp32s3-sim/libf82/NimBLE-Arduino/nimble/nimble/host/mesh/src/provisioner.c.o
Compiling .pio/build/esp32s3-sim/libf82/NimBLE-Arduino/nimble/nimble/host/mesh/src/proxy.c.o
Compiling .pio/build/esp32s3-sim/libf82/NimBLE-Arduino/nimble/nimble/host/mesh/src/proxy_msg.c.o
Compiling .pio/build/esp32s3-sim/libf82/NimBLE-Arduino/nimble/nimble/host/mesh/src/proxy_srv.c.o
Compiling .pio/build/esp32s3-sim/libf82/NimBLE-Arduino/nimble/nimble/host/mesh/src/rpl.c.o
Compiling .pio/build/esp32s3-sim/libf82/NimBLE-Arduino/nimble/nimble/host/mesh/src/settings.c.o
Compiling .pio/build/esp32s3-sim/libf82/NimBLE-Arduino/nimble/nimble/host/mesh/src/shell.c.o
Compiling .pio/build/esp32s3-sim/libf82/NimBLE-Arduino/nimble/nimble/host/mesh/src/subnet.c.o
Compiling .pio/build/esp32s3-sim/libf82/NimBLE-Arduino/nimble/nimble/host/mesh/src/testing.c.o
Compiling .pio/build/esp32s3-sim/libf82/NimBLE-Arduino/nimble/nimble/host/mesh/src/transport.c.o
Compiling .pio/build/esp32s3-sim/libf82/NimBLE-Arduino/nimble/nimble/host/services/gap/src/ble_svc_gap.c.o
Compiling .pio/build/esp32s3-sim/libf82/NimBLE-Arduino/nimble/nimble/host/services/gatt/src/ble_svc_gatt.c.o
Compiling .pio/build/esp32s3-sim/libf82/NimBLE-Arduino/nimble/nimble/host/src/ble_aes_ccm.c.o
Compiling .pio/build/esp32s3-sim/libf82/NimBLE-Arduino/nimble/nimble/host/src/ble_att.c.o
Compiling .pio/build/esp32s3-sim/libf82/NimBLE-Arduino/nimble/nimble/host/src/ble_att_clt.c.o
Compiling .pio/build/esp32s3-sim/libf82/NimBLE-Arduino/nimble/nimble/host/src/ble_att_cmd.c.o
Compiling .pio/build/esp32s3-sim/libf82/NimBLE-Arduino/nimble/nimble/host/src/ble_att_svr.c.o
Compiling .pio/build/esp32s3-sim/libf82/NimBLE-Arduino/nimble/nimble/host/src/ble_dtm.c.o
Compiling .pio/build/esp32s3-sim/libf82/NimBLE-Arduino/nimble/nimble/host/src/ble_ead.c.o
Compiling .pio/build/esp32s3-sim/libf82/NimBLE-Arduino/nimble/nimble/host/src/ble_eatt.c.o
Compiling .pio/build/esp32s3-sim/libf82/NimBLE-Arduino/nimble/nimble/host/src/ble_eddystone.c.o
Compiling .pio/build/esp32s3-sim/libf82/NimBLE-Arduino/nimble/nimble/host/src/ble_gap.c.o
Compiling .pio/build/esp32s3-sim/libf82/NimBLE-Arduino/nimble/nimble/host/src/ble_gattc.c.o
Compiling .pio/build/esp32s3-sim/libf82/NimBLE-Arduino/nimble/nimble/host/src/ble_gattc_cache.c.o
Compiling .pio/build/esp32s3-sim/libf82/NimBLE-Arduino/nimble/nimble/host/src/ble_gattc_cache_conn.c.o
Compiling .pio/build/esp32s3-sim/libf82/NimBLE-Arduino/nimble/nimble/host/src/ble_gatts.c.o
Compiling .pio/build/esp32s3-sim/libf82/NimBLE-Arduino/nimble/nimble/host/src/ble_gatts_lcl.c.o
Compiling .pio/build/esp32s3-sim/libf82/NimBLE-Arduino/nimble/nimble/host/src/ble_hs.c.o
Compiling .pio/build/esp32s3-sim/libf82/NimBLE-Arduino/nimble/nimble/host/src/ble_hs_adv.c.o
Compiling .pio/build/esp32s3-sim/libf82/NimBLE-Arduino/nimble/nimble/host/src/ble_hs_atomic.c.o
Compiling .pio/build/esp32s3-sim/libf82/NimBLE-Arduino/nimble/nimble/host/src/ble_hs_cfg.c.o
Compiling .pio/build/esp32s3-sim/libf82/NimBLE-Arduino/nimble/nimble/host/src/ble_hs_conn.c.o
Compiling .pio/build/esp32s3-sim/libf82/NimBLE-Arduino/nimble/nimble/host/src/ble_hs_flow.c.o
Compiling .pio/build/esp32s3-sim/libf82/NimBLE-Arduino/nimble/nimble/host/src/ble_hs_hci.c.o
Compiling .pio/build/esp32s3-sim/libf82/NimBLE-Arduino/nimble/nimble/host/src/ble_hs_hci_cmd.c.o
Compiling .pio/build/esp32s3-sim/libf82/NimBLE-Arduino/nimble/nimble/host/src/ble_hs_hci_evt.c.o
Compiling .pio/build/esp32s3-sim/libf82/NimBLE-Arduino/nimble/nimble/host/src/ble_hs_hci_util.c.o
Compiling .pio/build/esp32s3-sim/libf82/NimBLE-Arduino/nimble/nimble/host/src/ble_hs_id.c.o
Compiling .pio/build/esp32s3-sim/libf82/NimBLE-Arduino/nimble/nimble/host/src/ble_hs_log.c.o
Compiling .pio/build/esp32s3-sim/libf82/NimBLE-Arduino/nimble/nimble/host/src/ble_hs_mbuf.c.o
Compiling .pio/build/esp32s3-sim/libf82/NimBLE-Arduino/nimble/nimble/host/src/ble_hs_misc.c.o
Compiling .pio/build/esp32s3-sim/libf82/NimBLE-Arduino/nimble/nimble/host/src/ble_hs_mqueue.c.o
Compiling .pio/build/esp32s3-sim/libf82/NimBLE-Arduino/nimble/nimble/host/src/ble_hs_periodic_sync.c.o
Compiling .pio/build/esp32s3-sim/libf82/NimBLE-Arduino/nimble/nimble/host/src/ble_hs_pvcy.c.o
Compiling .pio/build/esp32s3-sim/libf82/NimBLE-Arduino/nimble/nimble/host/src/ble_hs_resolv.c.o
Compiling .pio/build/esp32s3-sim/libf82/NimBLE-Arduino/nimble/nimble/host/src/ble_hs_shutdown.c.o
Compiling .pio/build/esp32s3-sim/libf82/NimBLE-Arduino/nimble/nimble/host/src/ble_hs_startup.c.o
Compiling .pio/build/esp32s3-sim/libf82/NimBLE-Arduino/nimble/nimble/host/src/ble_hs_stop.c.o
Compiling .pio/build/esp32s3-sim/libf82/NimBLE-Arduino/nimble/nimble/host/src/ble_ibeacon.c.o
Compiling .pio/build/esp32s3-sim/libf82/NimBLE-Arduino/nimble/nimble/host/src/ble_l2cap.c.o
Compiling .pio/build/esp32s3-sim/libf82/NimBLE-Arduino/nimble/nimble/host/src/ble_l2cap_coc.c.o
Compiling .pio/build/esp32s3-sim/libf82/NimBLE-Arduino/nimble/nimble/host/src/ble_l2cap_sig.c.o
Compiling .pio/build/esp32s3-sim/libf82/NimBLE-Arduino/nimble/nimble/host/src/ble_l2cap_sig_cmd.c.o
Compiling .pio/build/esp32s3-sim/libf82/NimBLE-Arduino/nimble/nimble/host/src/ble_sm.c.o
Compiling .pio/build/esp32s3-sim/libf82/NimBLE-Arduino/nimble/nimble/host/src/ble_sm_alg.c.o
Compiling .pio/build/esp32s3-sim/libf82/NimBLE-Arduino/nimble/nimble/host/src/ble_sm_cmd.c.o
Compiling .pio/build/esp32s3-sim/libf82/NimBLE-Arduino/nimble/nimble/host/src/ble_sm_lgcy.c.o
Compiling .pio/build/esp32s3-sim/libf82/NimBLE-Arduino/nimble/nimble/host/src/ble_sm_sc.c.o
Compiling .pio/build/esp32s3-sim/libf82/NimBLE-Arduino/nimble/nimble/host/src/ble_store.c.o
Compiling .pio/build/esp32s3-sim/libf82/NimBLE-Arduino/nimble/nimble/host/src/ble_store_util.c.o
Compiling .pio/build/esp32s3-sim/libf82/NimBLE-Arduino/nimble/nimble/host/src/ble_uuid.c.o
Compiling .pio/build/esp32s3-sim/libf82/NimBLE-Arduino/nimble/nimble/host/store/config/src/ble_store_config.c.o
Compiling .pio/build/esp32s3-sim/libf82/NimBLE-Arduino/nimble/nimble/host/store/config/src/ble_store_config_conf.c.o
Compiling .pio/build/esp32s3-sim/libf82/NimBLE-Arduino/nimble/nimble/host/store/config/src/ble_store_nvs.c.o
Compiling .pio/build/esp32s3-sim/libf82/NimBLE-Arduino/nimble/nimble/host/store/ram/src/ble_store_ram.c.o
Compiling .pio/build/esp32s3-sim/libf82/NimBLE-Arduino/nimble/nimble/host/util/src/addr.c.o
Compiling .pio/build/esp32s3-sim/libf82/NimBLE-Arduino/nimble/nimble/transport/common/hci_h4/src/hci_h4.c.o
Compiling .pio/build/esp32s3-sim/libf82/NimBLE-Arduino/nimble/nimble/transport/common/hci_ipc/src/hci_ipc.c.o
Compiling .pio/build/esp32s3-sim/libf82/NimBLE-Arduino/nimble/nimble/transport/esp_ipc/src/hci_esp_ipc.c.o
Compiling .pio/build/esp32s3-sim/libf82/NimBLE-Arduino/nimble/nimble/transport/esp_ipc_legacy/src/hci_esp_ipc_legacy.c.o
Compiling .pio/build/esp32s3-sim/libf82/NimBLE-Arduino/nimble/nimble/transport/nrf5340/src/nrf5340_ble_hci.c.o
Compiling .pio/build/esp32s3-sim/libf82/NimBLE-Arduino/nimble/nimble/transport/src/transport.c.o
Compiling .pio/build/esp32s3-sim/libf82/NimBLE-Arduino/nimble/porting/nimble/src/endian.c.o
Compiling .pio/build/esp32s3-sim/libf82/NimBLE-Arduino/nimble/porting/nimble/src/hal_timer.c.o
Compiling .pio/build/esp32s3-sim/libf82/NimBLE-Arduino/nimble/porting/nimble/src/mem.c.o
Compiling .pio/build/esp32s3-sim/libf82/NimBLE-Arduino/nimble/porting/nimble/src/nimble_port.c.o
Compiling .pio/build/esp32s3-sim/libf82/NimBLE-Arduino/nimble/porting/nimble/src/os_cputime.c.o
Compiling .pio/build/esp32s3-sim/libf82/NimBLE-Arduino/nimble/porting/nimble/src/os_cputime_pwr2.c.o
Compiling .pio/build/esp32s3-sim/libf82/NimBLE-Arduino/nimble/porting/nimble/src/os_mbuf.c.o
Compiling .pio/build/esp32s3-sim/libf82/NimBLE-Arduino/nimble/porting/nimble/src/os_mempool.c.o
Compiling .pio/build/esp32s3-sim/libf82/NimBLE-Arduino/nimble/porting/nimble/src/os_msys_init.c.o
Compiling .pio/build/esp32s3-sim/libf82/NimBLE-Arduino/nimble/porting/npl/freertos/src/nimble_port_freertos.c.o
Compiling .pio/build/esp32s3-sim/libf82/NimBLE-Arduino/nimble/porting/npl/freertos/src/npl_os_freertos.c.o
Compiling .pio/build/esp32s3-sim/lib76a/Preferences/Preferences.cpp.o
Compiling .pio/build/esp32s3-sim/lib351/Wire/Wire.cpp.o
Archiving .pio/build/esp32s3-sim/libf82/libNimBLE-Arduino.a
Compiling .pio/build/esp32s3-sim/FrameworkArduino/Esp.cpp.o
Compiling .pio/build/esp32s3-sim/FrameworkArduino/FirmwareMSC.cpp.o
Compiling .pio/build/esp32s3-sim/FrameworkArduino/FunctionalInterrupt.cpp.o
Compiling .pio/build/esp32s3-sim/FrameworkArduino/HWCDC.cpp.o
Compiling .pio/build/esp32s3-sim/FrameworkArduino/HardwareSerial.cpp.o
Indexing .pio/build/esp32s3-sim/libf82/libNimBLE-Arduino.a
Compiling .pio/build/esp32s3-sim/FrameworkArduino/IPAddress.cpp.o
Compiling .pio/build/esp32s3-sim/FrameworkArduino/IPv6Address.cpp.o
Archiving .pio/build/esp32s3-sim/lib76a/libPreferences.a
Indexing .pio/build/esp32s3-sim/lib76a/libPreferences.a
Compiling .pio/build/esp32s3-sim/FrameworkArduino/MD5Builder.cpp.o
Compiling .pio/build/esp32s3-sim/FrameworkArduino/Print.cpp.o
Archiving .pio/build/esp32s3-sim/lib351/libWire.a
Indexing .pio/build/esp32s3-sim/lib351/libWire.a
Compiling .pio/build/esp32s3-sim/FrameworkArduino/Stream.cpp.o
Compiling .pio/build/esp32s3-sim/FrameworkArduino/StreamString.cpp.o
Compiling .pio/build/esp32s3-sim/FrameworkArduino/Tone.cpp.o
Compiling .pio/build/esp32s3-sim/FrameworkArduino/USB.cpp.o
Compiling .pio/build/esp32s3-sim/FrameworkArduino/USBCDC.cpp.o
Compiling .pio/build/esp32s3-sim/FrameworkArduino/USBMSC.cpp.o
Compiling .pio/build/esp32s3-sim/FrameworkArduino/WMath.cpp.o
Compiling .pio/build/esp32s3-sim/FrameworkArduino/WString.cpp.o
Compiling .pio/build/esp32s3-sim/FrameworkArduino/base64.cpp.o
Compiling .pio/build/esp32s3-sim/FrameworkArduino/cbuf.cpp.o
Compiling .pio/build/esp32s3-sim/FrameworkArduino/esp32-hal-adc.c.o
Compiling .pio/build/esp32s3-sim/FrameworkArduino/esp32-hal-bt.c.o
Compiling .pio/build/esp32s3-sim/FrameworkArduino/esp32-hal-cpu.c.o
Compiling .pio/build/esp32s3-sim/FrameworkArduino/esp32-hal-dac.c.o
Compiling .pio/build/esp32s3-sim/FrameworkArduino/esp32-hal-gpio.c.o
Compiling .pio/build/esp32s3-sim/FrameworkArduino/esp32-hal-i2c-slave.c.o
Compiling .pio/build/esp32s3-sim/FrameworkArduino/esp32-hal-i2c.c.o
Compiling .pio/build/esp32s3-sim/FrameworkArduino/esp32-hal-ledc.c.o
Compiling .pio/build/esp32s3-sim/FrameworkArduino/esp32-hal-matrix.c.o
Compiling .pio/build/esp32s3-sim/FrameworkArduino/esp32-hal-misc.c.o
Compiling .pio/build/esp32s3-sim/FrameworkArduino/esp32-hal-psram.c.o
Compiling .pio/build/esp32s3-sim/FrameworkArduino/esp32-hal-rgb-led.c.o
Compiling .pio/build/esp32s3-sim/FrameworkArduino/esp32-hal-rmt.c.o
Compiling .pio/build/esp32s3-sim/FrameworkArduino/esp32-hal-sigmadelta.c.o
Compiling .pio/build/esp32s3-sim/FrameworkArduino/esp32-hal-spi.c.o
Compiling .pio/build/esp32s3-sim/FrameworkArduino/esp32-hal-time.c.o
Compiling .pio/build/esp32s3-sim/FrameworkArduino/esp32-hal-timer.c.o
Compiling .pio/build/esp32s3-sim/FrameworkArduino/esp32-hal-tinyusb.c.o
Compiling .pio/build/esp32s3-sim/FrameworkArduino/esp32-hal-touch.c.o
Compiling .pio/build/esp32s3-sim/FrameworkArduino/esp32-hal-uart.c.o
Compiling .pio/build/esp32s3-sim/FrameworkArduino/firmware_msc_fat.c.o
Compiling .pio/build/esp32s3-sim/FrameworkArduino/libb64/cdecode.c.o
Compiling .pio/build/esp32s3-sim/FrameworkArduino/libb64/cencode.c.o
Compiling .pio/build/esp32s3-sim/FrameworkArduino/main.cpp.o
Compiling .pio/build/esp32s3-sim/FrameworkArduino/stdlib_noniso.c.o
Compiling .pio/build/esp32s3-sim/FrameworkArduino/wiring_pulse.c.o
Compiling .pio/build/esp32s3-sim/FrameworkArduino/wiring_shift.c.o
Archiving .pio/build/esp32s3-sim/libFrameworkArduino.a
Indexing .pio/build/esp32s3-sim/libFrameworkArduino.a
Linking .pio/build/esp32s3-sim/firmware.elf
Retrieving maximum program size .pio/build/esp32s3-sim/firmware.elf
Checking size .pio/build/esp32s3-sim/firmware.elf
Advanced Memory Usage is available via "PlatformIO Home > Project Inspect"
RAM:   [=         ]  13.3% (used 43656 bytes from 327680 bytes)
Flash: [==        ]  23.4% (used 782773 bytes from 3342336 bytes)
Building .pio/build/esp32s3-sim/firmware.bin
esptool.py v4.9.0
Creating esp32s3 image...
Merged 2 ELF sections
Successfully created esp32s3 image.
========================= [SUCCESS] Took 12.22 seconds =========================

Environment          Status    Duration
-------------------  --------  ------------
esp32s3              SUCCESS   00:00:16.068
esp32s3-n16r8-bench  SUCCESS   00:00:12.254
esp32s3-sim          SUCCESS   00:00:12.220
========================= 3 succeeded in 00:00:40.543 =========================
